Archive member included to satisfy reference by file (symbol)

C:/Users/jnilt/.pico-sdk/toolchain/13_3_Rel1/bin/../lib/gcc/arm-none-eabi/13.3.1/thumb/v6-m/nofp\libgcc.a(_dvmd_tls.o)
                              CMakeFiles/controle_remoto_matrizLED.dir/C_/Users/jnilt/.pico-sdk/sdk/2.1.0/src/rp2_common/pico_divider/divider_hardware.S.obj (__aeabi_idiv0)
C:/Users/jnilt/.pico-sdk/toolchain/13_3_Rel1/bin/../lib/gcc/arm-none-eabi/13.3.1/thumb/v6-m/nofp\libg.a(libc_a-atoi.o)
                              CMakeFiles/controle_remoto_matrizLED.dir/C_/Users/jnilt/.pico-sdk/sdk/2.1.0/lib/lwip/src/core/netif.c.obj (atoi)
C:/Users/jnilt/.pico-sdk/toolchain/13_3_Rel1/bin/../lib/gcc/arm-none-eabi/13.3.1/thumb/v6-m/nofp\libg.a(libc_a-calloc.o)
                              CMakeFiles/controle_remoto_matrizLED.dir/C_/Users/jnilt/.pico-sdk/sdk/2.1.0/src/rp2_common/pico_malloc/malloc.c.obj (calloc)
C:/Users/jnilt/.pico-sdk/toolchain/13_3_Rel1/bin/../lib/gcc/arm-none-eabi/13.3.1/thumb/v6-m/nofp\libg.a(libc_a-callocr.o)
                              C:/Users/jnilt/.pico-sdk/toolchain/13_3_Rel1/bin/../lib/gcc/arm-none-eabi/13.3.1/thumb/v6-m/nofp\libg.a(libc_a-calloc.o) (_calloc_r)
C:/Users/jnilt/.pico-sdk/toolchain/13_3_Rel1/bin/../lib/gcc/arm-none-eabi/13.3.1/thumb/v6-m/nofp\libg.a(libc_a-malloc.o)
                              CMakeFiles/controle_remoto_matrizLED.dir/C_/Users/jnilt/.pico-sdk/sdk/2.1.0/src/rp2_common/pico_malloc/malloc.c.obj (malloc)
C:/Users/jnilt/.pico-sdk/toolchain/13_3_Rel1/bin/../lib/gcc/arm-none-eabi/13.3.1/thumb/v6-m/nofp\libg.a(libc_a-mallocr.o)
                              C:/Users/jnilt/.pico-sdk/toolchain/13_3_Rel1/bin/../lib/gcc/arm-none-eabi/13.3.1/thumb/v6-m/nofp\libg.a(libc_a-callocr.o) (_malloc_r)
C:/Users/jnilt/.pico-sdk/toolchain/13_3_Rel1/bin/../lib/gcc/arm-none-eabi/13.3.1/thumb/v6-m/nofp\libg.a(libc_a-mlock.o)
                              C:/Users/jnilt/.pico-sdk/toolchain/13_3_Rel1/bin/../lib/gcc/arm-none-eabi/13.3.1/thumb/v6-m/nofp\libg.a(libc_a-mallocr.o) (__malloc_lock)
C:/Users/jnilt/.pico-sdk/toolchain/13_3_Rel1/bin/../lib/gcc/arm-none-eabi/13.3.1/thumb/v6-m/nofp\libg.a(libc_a-realloc.o)
                              CMakeFiles/controle_remoto_matrizLED.dir/C_/Users/jnilt/.pico-sdk/sdk/2.1.0/src/rp2_common/pico_malloc/malloc.c.obj (realloc)
C:/Users/jnilt/.pico-sdk/toolchain/13_3_Rel1/bin/../lib/gcc/arm-none-eabi/13.3.1/thumb/v6-m/nofp\libg.a(libc_a-reallocr.o)
                              C:/Users/jnilt/.pico-sdk/toolchain/13_3_Rel1/bin/../lib/gcc/arm-none-eabi/13.3.1/thumb/v6-m/nofp\libg.a(libc_a-realloc.o) (_realloc_r)
C:/Users/jnilt/.pico-sdk/toolchain/13_3_Rel1/bin/../lib/gcc/arm-none-eabi/13.3.1/thumb/v6-m/nofp\libg.a(libc_a-strtol.o)
                              C:/Users/jnilt/.pico-sdk/toolchain/13_3_Rel1/bin/../lib/gcc/arm-none-eabi/13.3.1/thumb/v6-m/nofp\libg.a(libc_a-atoi.o) (_strtol_r)
C:/Users/jnilt/.pico-sdk/toolchain/13_3_Rel1/bin/../lib/gcc/arm-none-eabi/13.3.1/thumb/v6-m/nofp\libg.a(libc_a-ctype_.o)
                              CMakeFiles/controle_remoto_matrizLED.dir/C_/Users/jnilt/.pico-sdk/sdk/2.1.0/lib/lwip/src/core/dns.c.obj (_ctype_)
C:/Users/jnilt/.pico-sdk/toolchain/13_3_Rel1/bin/../lib/gcc/arm-none-eabi/13.3.1/thumb/v6-m/nofp\libg.a(libc_a-sscanf.o)
                              CMakeFiles/controle_remoto_matrizLED.dir/controle_remoto_matrizLED.c.obj (sscanf)
C:/Users/jnilt/.pico-sdk/toolchain/13_3_Rel1/bin/../lib/gcc/arm-none-eabi/13.3.1/thumb/v6-m/nofp\libg.a(libc_a-stdio.o)
                              C:/Users/jnilt/.pico-sdk/toolchain/13_3_Rel1/bin/../lib/gcc/arm-none-eabi/13.3.1/thumb/v6-m/nofp\libg.a(libc_a-sscanf.o) (__seofread)
C:/Users/jnilt/.pico-sdk/toolchain/13_3_Rel1/bin/../lib/gcc/arm-none-eabi/13.3.1/thumb/v6-m/nofp\libg.a(libc_a-memcmp.o)
                              CMakeFiles/controle_remoto_matrizLED.dir/C_/Users/jnilt/.pico-sdk/sdk/2.1.0/src/rp2_common/pico_atomic/atomic.c.obj (memcmp)
C:/Users/jnilt/.pico-sdk/toolchain/13_3_Rel1/bin/../lib/gcc/arm-none-eabi/13.3.1/thumb/v6-m/nofp\libg.a(libc_a-memmove.o)
                              CMakeFiles/controle_remoto_matrizLED.dir/C_/Users/jnilt/.pico-sdk/sdk/2.1.0/lib/lwip/src/core/def.c.obj (memmove)
C:/Users/jnilt/.pico-sdk/toolchain/13_3_Rel1/bin/../lib/gcc/arm-none-eabi/13.3.1/thumb/v6-m/nofp\libg.a(libc_a-strcat.o)
                              CMakeFiles/controle_remoto_matrizLED.dir/controle_remoto_matrizLED.c.obj (strcat)
C:/Users/jnilt/.pico-sdk/toolchain/13_3_Rel1/bin/../lib/gcc/arm-none-eabi/13.3.1/thumb/v6-m/nofp\libg.a(libc_a-strncmp.o)
                              CMakeFiles/controle_remoto_matrizLED.dir/C_/Users/jnilt/.pico-sdk/sdk/2.1.0/lib/lwip/src/core/def.c.obj (strncmp)
C:/Users/jnilt/.pico-sdk/toolchain/13_3_Rel1/bin/../lib/gcc/arm-none-eabi/13.3.1/thumb/v6-m/nofp\libg.a(libc_a-strstr.o)
                              CMakeFiles/controle_remoto_matrizLED.dir/controle_remoto_matrizLED.c.obj (strstr)
[...]
Memory Configuration

Name             Origin             Length             Attributes
FLASH            0x10000000         0x00200000         xr
RAM              0x20000000         0x00040000         xrw
SCRATCH_X        0x20040000         0x00001000         xrw
SCRATCH_Y        0x20041000         0x00001000         xrw
*default*        0x00000000         0xffffffff

Linker script and memory map

LOAD C:/Users/jnilt/.pico-sdk/toolchain/13_3_Rel1/bin/../lib/gcc/arm-none-eabi/13.3.1/thumb/v6-m/nofp/crti.o
LOAD C:/Users/jnilt/.pico-sdk/toolchain/13_3_Rel1/bin/../lib/gcc/arm-none-eabi/13.3.1/thumb/v6-m/nofp/crtbegin.o
LOAD C:/Users/jnilt/.pico-sdk/toolchain/13_3_Rel1/bin/../lib/gcc/arm-none-eabi/13.3.1/thumb/v6-m/nofp/crt0.o

.flash_begin    0x10000000        0x0
                0x10000000                        __flash_binary_start = .

.boot2          0x10000000      0x100
                0x10000000                        __boot2_start__ = .
 *(.boot2)
 .boot2         0x10000000      0x100 pico-sdk/src/rp2040/boot_stage2/CMakeFiles/bs2_default_library.dir/./bs2_default_padded_checksummed.S.obj
                0x10000100                        __boot2_end__ = .
                0x00000001                        ASSERT (((__boot2_end__ - __boot2_start__) == 0x100), ERROR: Pico second stage bootloader must be 256 bytes in size)

.text           0x10000100    0x1c6c4
                0x10000100                        __logical_binary_start = .
 *(.vectors)
 .vectors       0x10000100       0xd4 CMakeFiles/controle_remoto_matrizLED.dir/C_/Users/jnilt/.pico-sdk/sdk/2.1.0/src/rp2_common/pico_crt0/crt0.S.obj
                0x10000100                __VECTOR_TABLE
                0x10000100                __vectors
                0x100001c0                isr_invalid
                0x100001c0                __default_isrs_start
                0x100001c2                isr_nmi
                0x100001c4                isr_hardfault
                0x100001c6                isr_svcall
                0x100001c8                isr_pendsv
                0x100001ca                isr_systick
                0x100001cc                isr_irq23
                0x100001cc                isr_irq18
                0x100001cc                isr_irq11
                0x100001cc                isr_irq28
                0x100001cc                isr_irq19
                0x100001cc                isr_irq0
                0x100001cc                isr_irq6
                0x100001cc                isr_irq5
                0x100001cc                isr_irq12
                0x100001cc                isr_irq22
                0x100001cc                isr_irq31
                0x100001cc                isr_irq17
                0x100001cc                isr_irq27
                0x100001cc                isr_irq30
                0x100001cc                isr_irq2
                0x100001cc                isr_irq10
                0x100001cc                isr_irq8
                0x100001cc                isr_irq24
                0x100001cc                isr_irq1
                0x100001cc                isr_irq7
                0x100001cc                isr_irq21
                0x100001cc                isr_irq20
                0x100001cc                isr_irq15
                0x100001cc                isr_irq25
                0x100001cc                isr_irq13
                0x100001cc                __unhandled_user_irq
                0x100001cc                isr_irq4
                0x100001cc                isr_irq16
                0x100001cc                isr_irq29
                0x100001cc                isr_irq26
                0x100001cc                __default_isrs_end
                0x100001cc                isr_irq3
                0x100001cc                isr_irq14
                0x100001cc                isr_irq9
                0x100001d2                unhandled_user_irq_num_in_r0
 *(.binary_info_header)
 .binary_info_header
                0x100001d4       0x14 CMakeFiles/controle_remoto_matrizLED.dir/C_/Users/jnilt/.pico-sdk/sdk/2.1.0/src/rp2_common/pico_crt0/crt0.S.obj
                0x100001e8                        __binary_info_header_end = .
 *(.embedded_block)
                0x100001e8                        __embedded_block_end = .
 *(.reset)
 .reset         0x100001e8       0x9c CMakeFiles/controle_remoto_matrizLED.dir/C_/Users/jnilt/.pico-sdk/sdk/2.1.0/src/rp2_common/pico_crt0/crt0.S.obj
                0x100001e8                _entry_point
 *(.init)
 .init          0x10000284        0x4 C:/Users/jnilt/.pico-sdk/toolchain/13_3_Rel1/bin/../lib/gcc/arm-none-eabi/13.3.1/thumb/v6-m/nofp/crti.o
                0x10000284                _init
 *(EXCLUDE_FILE(*libm.a: *libc.a:*lib_a-mem*.o *libgcc.a:) .text*)
 .text.register_tm_clones
                0x10000288       0x28 C:/Users/jnilt/.pico-sdk/toolchain/13_3_Rel1/bin/../lib/gcc/arm-none-eabi/13.3.1/thumb/v6-m/nofp/crtbegin.o
 .text.frame_dummy
                0x100002b0       0x24 C:/Users/jnilt/.pico-sdk/toolchain/13_3_Rel1/bin/../lib/gcc/arm-none-eabi/13.3.1/thumb/v6-m/nofp/crtbegin.o
 .text.connection_callback
                0x100002d4       0x14 CMakeFiles/controle_remoto_matrizLED.dir/controle_remoto_matrizLED.c.obj
 .text.ws2818b_program_init
                0x100002e8       0xdc CMakeFiles/controle_remoto_matrizLED.dir/controle_remoto_matrizLED.c.obj
                0x100002e8                ws2818b_program_init
 .text.npInit   0x100003c4       0x80 CMakeFiles/controle_remoto_matrizLED.dir/controle_remoto_matrizLED.c.obj
                0x100003c4                npInit
 .text.npWrite  0x10000444       0x58 CMakeFiles/controle_remoto_matrizLED.dir/controle_remoto_matrizLED.c.obj
                0x10000444                npWrite
 .text.create_http_response
                0x1000049c       0xf4 CMakeFiles/controle_remoto_matrizLED.dir/controle_remoto_matrizLED.c.obj
                0x1000049c                create_http_response
 .text.http_callback
                0x10000590      0x1a8 CMakeFiles/controle_remoto_matrizLED.dir/controle_remoto_matrizLED.c.obj
 .text.startup.main
                0x10000738      0x14c CMakeFiles/controle_remoto_matrizLED.dir/controle_remoto_matrizLED.c.obj
                0x10000738                main
 .text.gpio_set_function
                0x10000884       0x34 CMakeFiles/controle_remoto_matrizLED.dir/C_/Users/jnilt/.pico-sdk/sdk/2.1.0/src/rp2_common/hardware_gpio/gpio.c.obj
                0x10000884                gpio_set_function
 .text.gpio_set_pulls
                0x100008b8       0x28 CMakeFiles/controle_remoto_matrizLED.dir/C_/Users/jnilt/.pico-sdk/sdk/2.1.0/src/rp2_common/hardware_gpio/gpio.c.obj
                0x100008b8                gpio_set_pulls
 .text.gpio_set_input_hysteresis_enabled
                0x100008e0       0x28 CMakeFiles/controle_remoto_matrizLED.dir/C_/Users/jnilt/.pico-sdk/sdk/2.1.0/src/rp2_common/hardware_gpio/gpio.c.obj
                0x100008e0                gpio_set_input_hysteresis_enabled
 .text.gpio_set_irq_enabled
                0x10000908       0x58 CMakeFiles/controle_remoto_matrizLED.dir/C_/Users/jnilt/.pico-sdk/sdk/2.1.0/src/rp2_common/hardware_gpio/gpio.c.obj
                0x10000908                gpio_set_irq_enabled
 .text.gpio_add_raw_irq_handler_with_order_priority_masked
                0x10000960       0x44 CMakeFiles/controle_remoto_matrizLED.dir/C_/Users/jnilt/.pico-sdk/sdk/2.1.0/src/rp2_common/hardware_gpio/gpio.c.obj
                0x10000960                gpio_add_raw_irq_handler_with_order_priority_masked
 .text.gpio_remove_raw_irq_handler_masked
                0x100009a4       0x20 CMakeFiles/controle_remoto_matrizLED.dir/C_/Users/jnilt/.pico-sdk/sdk/2.1.0/src/rp2_common/hardware_gpio/gpio.c.obj
                0x100009a4                gpio_remove_raw_irq_handler_masked
 .text.gpio_init
                0x100009c4       0x40 CMakeFiles/controle_remoto_matrizLED.dir/C_/Users/jnilt/.pico-sdk/sdk/2.1.0/src/rp2_common/hardware_gpio/gpio.c.obj
                0x100009c4                gpio_init
 .text.rp2040_chip_version
                0x10000a04        0xc CMakeFiles/controle_remoto_matrizLED.dir/C_/Users/jnilt/.pico-sdk/sdk/2.1.0/src/rp2040/pico_platform/platform.c.obj
                0x10000a04                rp2040_chip_version
 .text.panic    0x10000a10       0x30 CMakeFiles/controle_remoto_matrizLED.dir/C_/Users/jnilt/.pico-sdk/sdk/2.1.0/src/rp2_common/pico_platform_panic/panic.c.obj
                0x10000a10                panic
 .text.hw_claim_lock
                0x10000a40       0x18 CMakeFiles/controle_remoto_matrizLED.dir/C_/Users/jnilt/.pico-sdk/sdk/2.1.0/src/common/hardware_claim/claim.c.obj
                0x10000a40                hw_claim_lock
 .text.hw_claim_unlock
                0x10000a58       0x14 CMakeFiles/controle_remoto_matrizLED.dir/C_/Users/jnilt/.pico-sdk/sdk/2.1.0/src/common/hardware_claim/claim.c.obj
                0x10000a58                hw_claim_unlock
 .text.hw_claim_or_assert
                0x10000a6c       0x44 CMakeFiles/controle_remoto_matrizLED.dir/C_/Users/jnilt/.pico-sdk/sdk/2.1.0/src/common/hardware_claim/claim.c.obj
                0x10000a6c                hw_claim_or_assert
 .text.hw_claim_unused_from_range
                0x10000ab0       0x9c CMakeFiles/controle_remoto_matrizLED.dir/C_/Users/jnilt/.pico-sdk/sdk/2.1.0/src/common/hardware_claim/claim.c.obj
                0x10000ab0                hw_claim_unused_from_range
 .text.hw_claim_clear
                0x10000b4c       0x38 CMakeFiles/controle_remoto_matrizLED.dir/C_/Users/jnilt/.pico-sdk/sdk/2.1.0/src/common/hardware_claim/claim.c.obj
                0x10000b4c                hw_claim_clear
 .text.next_striped_spin_lock_num
                0x10000b84       0x18 CMakeFiles/controle_remoto_matrizLED.dir/C_/Users/jnilt/.pico-sdk/sdk/2.1.0/src/rp2_common/hardware_sync/sync.c.obj
                0x10000b84                next_striped_spin_lock_num
 .text.spin_lock_claim_unused
                0x10000b9c       0x24 CMakeFiles/controle_remoto_matrizLED.dir/C_/Users/jnilt/.pico-sdk/sdk/2.1.0/src/rp2_common/hardware_sync/sync.c.obj
                0x10000b9c                spin_lock_claim_unused
 .text.spin_locks_reset
                0x10000bc0       0x1c CMakeFiles/controle_remoto_matrizLED.dir/C_/Users/jnilt/.pico-sdk/sdk/2.1.0/src/rp2_common/hardware_sync_spin_lock/sync_spin_lock.c.obj
                0x10000bc0                spin_locks_reset
 .text.runtime_init_per_core_irq_priorities
                0x10000bdc       0x24 CMakeFiles/controle_remoto_matrizLED.dir/C_/Users/jnilt/.pico-sdk/sdk/2.1.0/src/rp2_common/hardware_irq/irq.c.obj
                0x10000bdc                runtime_init_per_core_irq_priorities
 .text.irq_set_enabled
                0x10000c00       0x24 CMakeFiles/controle_remoto_matrizLED.dir/C_/Users/jnilt/.pico-sdk/sdk/2.1.0/src/rp2_common/hardware_irq/irq.c.obj
                0x10000c00                irq_set_enabled
 .text.irq_is_enabled
                0x10000c24       0x18 CMakeFiles/controle_remoto_matrizLED.dir/C_/Users/jnilt/.pico-sdk/sdk/2.1.0/src/rp2_common/hardware_irq/irq.c.obj
                0x10000c24                irq_is_enabled
 .text.irq_set_pending
                0x10000c3c       0x10 CMakeFiles/controle_remoto_matrizLED.dir/C_/Users/jnilt/.pico-sdk/sdk/2.1.0/src/rp2_common/hardware_irq/irq.c.obj
                0x10000c3c                irq_set_pending
 .text.irq_has_shared_handler
                0x10000c4c       0x2c CMakeFiles/controle_remoto_matrizLED.dir/C_/Users/jnilt/.pico-sdk/sdk/2.1.0/src/rp2_common/hardware_irq/irq.c.obj
                0x10000c4c                irq_has_shared_handler
 .text.irq_set_exclusive_handler
                0x10000c78       0x54 CMakeFiles/controle_remoto_matrizLED.dir/C_/Users/jnilt/.pico-sdk/sdk/2.1.0/src/rp2_common/hardware_irq/irq.c.obj
                0x10000c78                irq_set_exclusive_handler
 .text.irq_add_shared_handler
                0x10000ccc      0x1f4 CMakeFiles/controle_remoto_matrizLED.dir/C_/Users/jnilt/.pico-sdk/sdk/2.1.0/src/rp2_common/hardware_irq/irq.c.obj
                0x10000ccc                irq_add_shared_handler
 .text.irq_remove_handler
                0x10000ec0      0x1d4 CMakeFiles/controle_remoto_matrizLED.dir/C_/Users/jnilt/.pico-sdk/sdk/2.1.0/src/rp2_common/hardware_irq/irq.c.obj
                0x10000ec0                irq_remove_handler
 .text.irq_set_priority
                0x10001094       0x28 CMakeFiles/controle_remoto_matrizLED.dir/C_/Users/jnilt/.pico-sdk/sdk/2.1.0/src/rp2_common/hardware_irq/irq.c.obj
                0x10001094                irq_set_priority
 .text.irq_add_tail_to_free_list
                0x100010bc       0xb4 CMakeFiles/controle_remoto_matrizLED.dir/C_/Users/jnilt/.pico-sdk/sdk/2.1.0/src/rp2_common/hardware_irq/irq.c.obj
                0x100010bc                irq_add_tail_to_free_list
 .text.user_irq_unclaim
                0x10001170       0x14 CMakeFiles/controle_remoto_matrizLED.dir/C_/Users/jnilt/.pico-sdk/sdk/2.1.0/src/rp2_common/hardware_irq/irq.c.obj
                0x10001170                user_irq_unclaim
 .text.user_irq_claim_unused
                0x10001184       0x2c CMakeFiles/controle_remoto_matrizLED.dir/C_/Users/jnilt/.pico-sdk/sdk/2.1.0/src/rp2_common/hardware_irq/irq.c.obj
                0x10001184                user_irq_claim_unused
 .text.sem_init
                0x100011b0       0x20 CMakeFiles/controle_remoto_matrizLED.dir/C_/Users/jnilt/.pico-sdk/sdk/2.1.0/src/common/pico_sync/sem.c.obj
                0x100011b0                sem_init
 .text.lock_init
                0x100011d0       0x10 CMakeFiles/controle_remoto_matrizLED.dir/C_/Users/jnilt/.pico-sdk/sdk/2.1.0/src/common/pico_sync/lock_core.c.obj
                0x100011d0                lock_init
 .text.runtime_init_mutex
                0x100011e0       0x50 CMakeFiles/controle_remoto_matrizLED.dir/C_/Users/jnilt/.pico-sdk/sdk/2.1.0/src/common/pico_sync/mutex.c.obj
                0x100011e0                runtime_init_mutex
 .text.mutex_init
                0x10001230       0x1c CMakeFiles/controle_remoto_matrizLED.dir/C_/Users/jnilt/.pico-sdk/sdk/2.1.0/src/common/pico_sync/mutex.c.obj
                0x10001230                mutex_init
 .text.recursive_mutex_init
                0x1000124c       0x1c CMakeFiles/controle_remoto_matrizLED.dir/C_/Users/jnilt/.pico-sdk/sdk/2.1.0/src/common/pico_sync/mutex.c.obj
                0x1000124c                recursive_mutex_init
 .text.critical_section_init
                0x10001268       0x1c CMakeFiles/controle_remoto_matrizLED.dir/C_/Users/jnilt/.pico-sdk/sdk/2.1.0/src/common/pico_sync/critical_section.c.obj
                0x10001268                critical_section_init
 .text.critical_section_init_with_lock_num
                0x10001284       0x14 CMakeFiles/controle_remoto_matrizLED.dir/C_/Users/jnilt/.pico-sdk/sdk/2.1.0/src/common/pico_sync/critical_section.c.obj
                0x10001284                critical_section_init_with_lock_num
 .text.sleep_until_callback
                0x10001298       0x30 CMakeFiles/controle_remoto_matrizLED.dir/C_/Users/jnilt/.pico-sdk/sdk/2.1.0/src/common/pico_time/time.c.obj
 .text.alarm_pool_irq_handler
                0x100012c8      0x2fc CMakeFiles/controle_remoto_matrizLED.dir/C_/Users/jnilt/.pico-sdk/sdk/2.1.0/src/common/pico_time/time.c.obj
 .text.runtime_init_default_alarm_pool
                0x100015c4       0xdc CMakeFiles/controle_remoto_matrizLED.dir/C_/Users/jnilt/.pico-sdk/sdk/2.1.0/src/common/pico_time/time.c.obj
                0x100015c4                runtime_init_default_alarm_pool
 .text.alarm_pool_get_default
                0x100016a0        0x8 CMakeFiles/controle_remoto_matrizLED.dir/C_/Users/jnilt/.pico-sdk/sdk/2.1.0/src/common/pico_time/time.c.obj
                0x100016a0                alarm_pool_get_default
 .text.alarm_pool_add_alarm_at
                0x100016a8       0xd4 CMakeFiles/controle_remoto_matrizLED.dir/C_/Users/jnilt/.pico-sdk/sdk/2.1.0/src/common/pico_time/time.c.obj
                0x100016a8                alarm_pool_add_alarm_at
 .text.alarm_pool_add_alarm_at_force_in_context
                0x1000177c       0xb0 CMakeFiles/controle_remoto_matrizLED.dir/C_/Users/jnilt/.pico-sdk/sdk/2.1.0/src/common/pico_time/time.c.obj
                0x1000177c                alarm_pool_add_alarm_at_force_in_context
 .text.alarm_pool_cancel_alarm
                0x1000182c       0x74 CMakeFiles/controle_remoto_matrizLED.dir/C_/Users/jnilt/.pico-sdk/sdk/2.1.0/src/common/pico_time/time.c.obj
                0x1000182c                alarm_pool_cancel_alarm
 .text.alarm_pool_core_num
                0x100018a0        0x4 CMakeFiles/controle_remoto_matrizLED.dir/C_/Users/jnilt/.pico-sdk/sdk/2.1.0/src/common/pico_time/time.c.obj
                0x100018a0                alarm_pool_core_num
 .text.sleep_until
                0x100018a4       0xd8 CMakeFiles/controle_remoto_matrizLED.dir/C_/Users/jnilt/.pico-sdk/sdk/2.1.0/src/common/pico_time/time.c.obj
                0x100018a4                sleep_until
 .text.sleep_us
                0x1000197c       0x28 CMakeFiles/controle_remoto_matrizLED.dir/C_/Users/jnilt/.pico-sdk/sdk/2.1.0/src/common/pico_time/time.c.obj
                0x1000197c                sleep_us
 .text.sleep_ms
                0x100019a4       0x38 CMakeFiles/controle_remoto_matrizLED.dir/C_/Users/jnilt/.pico-sdk/sdk/2.1.0/src/common/pico_time/time.c.obj
                0x100019a4                sleep_ms
 .text.best_effort_wfe_or_timeout
                0x100019dc       0xe0 CMakeFiles/controle_remoto_matrizLED.dir/C_/Users/jnilt/.pico-sdk/sdk/2.1.0/src/common/pico_time/time.c.obj
                0x100019dc                best_effort_wfe_or_timeout
 .text.timer_hardware_alarm_claim
                0x10001abc       0x14 CMakeFiles/controle_remoto_matrizLED.dir/C_/Users/jnilt/.pico-sdk/sdk/2.1.0/src/rp2_common/hardware_timer/timer.c.obj
                0x10001abc                timer_hardware_alarm_claim
 .text.timer_time_us_64
                0x10001ad0       0x10 CMakeFiles/controle_remoto_matrizLED.dir/C_/Users/jnilt/.pico-sdk/sdk/2.1.0/src/rp2_common/hardware_timer/timer.c.obj
                0x10001ad0                timer_time_us_64
 .text.time_us_64
                0x10001ae0       0x14 CMakeFiles/controle_remoto_matrizLED.dir/C_/Users/jnilt/.pico-sdk/sdk/2.1.0/src/rp2_common/hardware_timer/timer.c.obj
                0x10001ae0                time_us_64
 .text.busy_wait_until
                0x10001af4       0x20 CMakeFiles/controle_remoto_matrizLED.dir/C_/Users/jnilt/.pico-sdk/sdk/2.1.0/src/rp2_common/hardware_timer/timer.c.obj
                0x10001af4                busy_wait_until
 .text.clock_configure_int_divider
                0x10001b14       0xf4 CMakeFiles/controle_remoto_matrizLED.dir/C_/Users/jnilt/.pico-sdk/sdk/2.1.0/src/rp2_common/hardware_clocks/clocks.c.obj
                0x10001b14                clock_configure_int_divider
 .text.clock_configure_undivided
                0x10001c08       0xe8 CMakeFiles/controle_remoto_matrizLED.dir/C_/Users/jnilt/.pico-sdk/sdk/2.1.0/src/rp2_common/hardware_clocks/clocks.c.obj
                0x10001c08                clock_configure_undivided
 .text.clock_get_hz
                0x10001cf0        0xc CMakeFiles/controle_remoto_matrizLED.dir/C_/Users/jnilt/.pico-sdk/sdk/2.1.0/src/rp2_common/hardware_clocks/clocks.c.obj
                0x10001cf0                clock_get_hz
 .text.pll_init
                0x10001cfc       0xa4 CMakeFiles/controle_remoto_matrizLED.dir/C_/Users/jnilt/.pico-sdk/sdk/2.1.0/src/rp2_common/hardware_pll/pll.c.obj
                0x10001cfc                pll_init
 .text.watchdog_reboot
                0x10001da0       0x9c CMakeFiles/controle_remoto_matrizLED.dir/C_/Users/jnilt/.pico-sdk/sdk/2.1.0/src/rp2_common/hardware_watchdog/watchdog.c.obj
                0x10001da0                watchdog_reboot
 .text.tick_start
                0x10001e3c       0x10 CMakeFiles/controle_remoto_matrizLED.dir/C_/Users/jnilt/.pico-sdk/sdk/2.1.0/src/rp2_common/hardware_ticks/ticks.c.obj
                0x10001e3c                tick_start
 .text.rom_func_lookup
                0x10001e4c       0x10 CMakeFiles/controle_remoto_matrizLED.dir/C_/Users/jnilt/.pico-sdk/sdk/2.1.0/src/rp2_common/pico_bootrom/bootrom.c.obj
                0x10001e4c                rom_func_lookup
 .text.rom_data_lookup
                0x10001e5c       0x10 CMakeFiles/controle_remoto_matrizLED.dir/C_/Users/jnilt/.pico-sdk/sdk/2.1.0/src/rp2_common/pico_bootrom/bootrom.c.obj
                0x10001e5c                rom_data_lookup
 .text.rom_funcs_lookup
                0x10001e6c       0x44 CMakeFiles/controle_remoto_matrizLED.dir/C_/Users/jnilt/.pico-sdk/sdk/2.1.0/src/rp2_common/pico_bootrom/bootrom.c.obj
                0x10001e6c                rom_funcs_lookup
 .text.rom_reset_usb_boot_extra
                0x10001eb0       0x28 CMakeFiles/controle_remoto_matrizLED.dir/C_/Users/jnilt/.pico-sdk/sdk/2.1.0/src/rp2_common/pico_bootrom/bootrom.c.obj
                0x10001eb0                rom_reset_usb_boot_extra
 .text.xosc_init
                0x10001ed8       0x28 CMakeFiles/controle_remoto_matrizLED.dir/C_/Users/jnilt/.pico-sdk/sdk/2.1.0/src/rp2_common/hardware_xosc/xosc.c.obj
                0x10001ed8                xosc_init
 .text.first_per_core_initializer
                0x10001f00        0x4 CMakeFiles/controle_remoto_matrizLED.dir/C_/Users/jnilt/.pico-sdk/sdk/2.1.0/src/rp2_common/pico_runtime/runtime.c.obj
 .text.hard_assertion_failure
                0x10001f04        0xc CMakeFiles/controle_remoto_matrizLED.dir/C_/Users/jnilt/.pico-sdk/sdk/2.1.0/src/rp2_common/pico_runtime/runtime.c.obj
                0x10001f04                hard_assertion_failure
 .text.runtime_run_initializers
                0x10001f10       0x28 CMakeFiles/controle_remoto_matrizLED.dir/C_/Users/jnilt/.pico-sdk/sdk/2.1.0/src/rp2_common/pico_runtime/runtime.c.obj
                0x10001f10                runtime_run_initializers
 .text.runtime_init_early_resets
                0x10001f38       0x2c CMakeFiles/controle_remoto_matrizLED.dir/C_/Users/jnilt/.pico-sdk/sdk/2.1.0/src/rp2_common/pico_runtime_init/runtime_init.c.obj
                0x10001f38                runtime_init_early_resets
 .text.runtime_init_usb_power_down
                0x10001f64       0x1c CMakeFiles/controle_remoto_matrizLED.dir/C_/Users/jnilt/.pico-sdk/sdk/2.1.0/src/rp2_common/pico_runtime_init/runtime_init.c.obj
                0x10001f64                runtime_init_usb_power_down
 .text.runtime_init_post_clock_resets
                0x10001f80       0x20 CMakeFiles/controle_remoto_matrizLED.dir/C_/Users/jnilt/.pico-sdk/sdk/2.1.0/src/rp2_common/pico_runtime_init/runtime_init.c.obj
                0x10001f80                runtime_init_post_clock_resets
 .text.runtime_init_rp2040_gpio_ie_disable
                0x10001fa0       0x14 CMakeFiles/controle_remoto_matrizLED.dir/C_/Users/jnilt/.pico-sdk/sdk/2.1.0/src/rp2_common/pico_runtime_init/runtime_init.c.obj
                0x10001fa0                runtime_init_rp2040_gpio_ie_disable
 .text.runtime_init_spin_locks_reset
                0x10001fb4        0x8 CMakeFiles/controle_remoto_matrizLED.dir/C_/Users/jnilt/.pico-sdk/sdk/2.1.0/src/rp2_common/pico_runtime_init/runtime_init.c.obj
                0x10001fb4                runtime_init_spin_locks_reset
 .text.runtime_init_install_ram_vector_table
                0x10001fbc       0x1c CMakeFiles/controle_remoto_matrizLED.dir/C_/Users/jnilt/.pico-sdk/sdk/2.1.0/src/rp2_common/pico_runtime_init/runtime_init.c.obj
                0x10001fbc                runtime_init_install_ram_vector_table
 .text.runtime_init_clocks
                0x10001fd8       0xd8 CMakeFiles/controle_remoto_matrizLED.dir/C_/Users/jnilt/.pico-sdk/sdk/2.1.0/src/rp2_common/pico_runtime_init/runtime_init_clocks.c.obj
                0x10001fd8                runtime_init_clocks
 .text          0x100020b0       0x10 CMakeFiles/controle_remoto_matrizLED.dir/C_/Users/jnilt/.pico-sdk/sdk/2.1.0/src/rp2_common/pico_bit_ops/bit_ops_aeabi.S.obj
 .text.ctzsi    0x100020c0        0xc CMakeFiles/controle_remoto_matrizLED.dir/C_/Users/jnilt/.pico-sdk/sdk/2.1.0/src/rp2_common/pico_bit_ops/bit_ops_aeabi.S.obj
                0x100020c0                __wrap___ctzsi2
 .text.__wrap___aeabi_idiv
                0x100020cc       0x50 CMakeFiles/controle_remoto_matrizLED.dir/C_/Users/jnilt/.pico-sdk/sdk/2.1.0/src/rp2_common/pico_divider/divider_hardware.S.obj
                0x100020cc                __wrap___aeabi_idivmod
                0x100020cc                divmod_s32s32
                0x100020cc                div_s32s32
                0x100020cc                __wrap___aeabi_idiv
                0x100020d4                divmod_s32s32_unsafe
                0x10002100                divmod_s32s32_savestate
 .text.__wrap___aeabi_uidiv
                0x1000211c       0x4c CMakeFiles/controle_remoto_matrizLED.dir/C_/Users/jnilt/.pico-sdk/sdk/2.1.0/src/rp2_common/pico_divider/divider_hardware.S.obj
                0x1000211c                __wrap___aeabi_uidiv
                0x1000211c                __wrap___aeabi_uidivmod
                0x1000211c                div_u32u32
                0x1000211c                divmod_u32u32
                0x10002124                divmod_u32u32_unsafe
                0x1000214c                divmod_u32u32_savestate
 .text.__wrap___aeabi_ldiv
                0x10002168      0x424 CMakeFiles/controle_remoto_matrizLED.dir/C_/Users/jnilt/.pico-sdk/sdk/2.1.0/src/rp2_common/pico_divider/divider_hardware.S.obj
                0x10002168                div_s64s64
                0x10002168                divmod_s64s64
                0x10002168                __wrap___aeabi_ldivmod
                0x10002198                divmod_u64u64
                0x10002198                div_u64u64
                0x10002198                __wrap___aeabi_uldivmod
                0x100021a8                divmod_u64u64_savestate
                0x100021c8                divmod_s64s64_unsafe
                0x10002250                divmod_u64u64_unsafe
 .text.__wrap___aeabi_darithmetic
                0x1000258c       0x60 CMakeFiles/controle_remoto_matrizLED.dir/C_/Users/jnilt/.pico-sdk/sdk/2.1.0/src/rp2_common/pico_double/double_aeabi_rp2040.S.obj
                0x1000258c                __wrap___aeabi_drsub
                0x10002592                __wrap___aeabi_dsub
                0x1000259c                __wrap___aeabi_dadd
                0x100025a6                __wrap___aeabi_ddiv
                0x100025da                __wrap___aeabi_dmul
 .text.__wrap___aeabi_cdcmple
                0x100025ec       0x6c CMakeFiles/controle_remoto_matrizLED.dir/C_/Users/jnilt/.pico-sdk/sdk/2.1.0/src/rp2_common/pico_double/double_aeabi_rp2040.S.obj
                0x100025ec                __wrap___aeabi_cdrcmple
                0x100025fc                __wrap___aeabi_cdcmpeq
                0x100025fc                __wrap___aeabi_cdcmple
 .text.__wrap___aeabi_dcmpeq
                0x10002658       0x10 CMakeFiles/controle_remoto_matrizLED.dir/C_/Users/jnilt/.pico-sdk/sdk/2.1.0/src/rp2_common/pico_double/double_aeabi_rp2040.S.obj
                0x10002658                __wrap___aeabi_dcmpeq
 .text.__wrap___aeabi_dcmplt
                0x10002668        0xc CMakeFiles/controle_remoto_matrizLED.dir/C_/Users/jnilt/.pico-sdk/sdk/2.1.0/src/rp2_common/pico_double/double_aeabi_rp2040.S.obj
                0x10002668                __wrap___aeabi_dcmplt
 .text.__wrap___aeabi_dcmple
                0x10002674       0x10 CMakeFiles/controle_remoto_matrizLED.dir/C_/Users/jnilt/.pico-sdk/sdk/2.1.0/src/rp2_common/pico_double/double_aeabi_rp2040.S.obj
                0x10002674                __wrap___aeabi_dcmple
 .text.__wrap___aeabi_dcmpge
                0x10002684       0x10 CMakeFiles/controle_remoto_matrizLED.dir/C_/Users/jnilt/.pico-sdk/sdk/2.1.0/src/rp2_common/pico_double/double_aeabi_rp2040.S.obj
                0x10002684                __wrap___aeabi_dcmpge
 .text.__wrap___aeabi_dcmpgt
                0x10002694        0xa CMakeFiles/controle_remoto_matrizLED.dir/C_/Users/jnilt/.pico-sdk/sdk/2.1.0/src/rp2_common/pico_double/double_aeabi_rp2040.S.obj
                0x10002694                __wrap___aeabi_dcmpgt
 .text.__wrap___aeabi_dcmpun
                0x1000269e       0x18 CMakeFiles/controle_remoto_matrizLED.dir/C_/Users/jnilt/.pico-sdk/sdk/2.1.0/src/rp2_common/pico_double/double_aeabi_rp2040.S.obj
                0x1000269e                __wrap___aeabi_dcmpun
 *fill*         0x100026b6        0x2 
 .text.__wrap___aeabi_i2d
                0x100026b8       0x38 CMakeFiles/controle_remoto_matrizLED.dir/C_/Users/jnilt/.pico-sdk/sdk/2.1.0/src/rp2_common/pico_double/double_aeabi_rp2040.S.obj
                0x100026b8                __wrap___aeabi_ui2d
                0x100026c0                __wrap___aeabi_i2d
 .text.__wrap___aeabi_d2iz
                0x100026f0       0x48 CMakeFiles/controle_remoto_matrizLED.dir/C_/Users/jnilt/.pico-sdk/sdk/2.1.0/src/rp2_common/pico_double/double_aeabi_rp2040.S.obj
                0x100026f0                double2int_z
                0x100026f0                __wrap___aeabi_d2iz
 .text.__wrap___aeabi_d2uiz
                0x10002738       0x10 CMakeFiles/controle_remoto_matrizLED.dir/C_/Users/jnilt/.pico-sdk/sdk/2.1.0/src/rp2_common/pico_double/double_aeabi_rp2040.S.obj
                0x10002738                __wrap___aeabi_d2uiz
                0x10002738                double2uint
 .text.__wrap___aeabi_l2d
                0x10002748       0x10 CMakeFiles/controle_remoto_matrizLED.dir/C_/Users/jnilt/.pico-sdk/sdk/2.1.0/src/rp2_common/pico_double/double_aeabi_rp2040.S.obj
                0x10002748                __wrap___aeabi_l2d
 .text.__wrap___aeabi_d2lz
                0x10002758       0x26 CMakeFiles/controle_remoto_matrizLED.dir/C_/Users/jnilt/.pico-sdk/sdk/2.1.0/src/rp2_common/pico_double/double_aeabi_rp2040.S.obj
                0x10002758                double2int64_z
                0x10002758                __wrap___aeabi_d2lz
 *fill*         0x1000277e        0x2 
 .text.double2int64
                0x10002780       0x10 CMakeFiles/controle_remoto_matrizLED.dir/C_/Users/jnilt/.pico-sdk/sdk/2.1.0/src/rp2_common/pico_double/double_aeabi_rp2040.S.obj
                0x10002780                double2int64
 .text.double2ufix64
                0x10002790       0x10 CMakeFiles/controle_remoto_matrizLED.dir/C_/Users/jnilt/.pico-sdk/sdk/2.1.0/src/rp2_common/pico_double/double_aeabi_rp2040.S.obj
                0x10002790                double2ufix64
 .text.__wrap___aeabi_d2f
                0x100027a0       0x10 CMakeFiles/controle_remoto_matrizLED.dir/C_/Users/jnilt/.pico-sdk/sdk/2.1.0/src/rp2_common/pico_double/double_aeabi_rp2040.S.obj
                0x100027a0                __wrap___aeabi_d2f
 .text.missing_double_func_shim
                0x100027b0        0xc CMakeFiles/controle_remoto_matrizLED.dir/C_/Users/jnilt/.pico-sdk/sdk/2.1.0/src/rp2_common/pico_double/double_init_rom_rp2040.c.obj
 .text.__aeabi_double_init
                0x100027bc       0xa0 CMakeFiles/controle_remoto_matrizLED.dir/C_/Users/jnilt/.pico-sdk/sdk/2.1.0/src/rp2_common/pico_double/double_init_rom_rp2040.c.obj
                0x100027bc                __aeabi_double_init
 .text.double_table_shim_on_use_helper
                0x1000285c       0x2c CMakeFiles/controle_remoto_matrizLED.dir/C_/Users/jnilt/.pico-sdk/sdk/2.1.0/src/rp2_common/pico_double/double_v1_rom_shim_rp2040.S.obj
                0x1000285c                double_table_shim_on_use_helper
 .text.__aeabi_lmul
                0x10002888       0x32 CMakeFiles/controle_remoto_matrizLED.dir/C_/Users/jnilt/.pico-sdk/sdk/2.1.0/src/rp2_common/pico_int64_ops/pico_int64_ops_aeabi.S.obj
                0x10002888                __wrap___aeabi_lmul
 *fill*         0x100028ba        0x2 
 .text.__wrap___aeabi_farithmetic
                0x100028bc       0x48 CMakeFiles/controle_remoto_matrizLED.dir/C_/Users/jnilt/.pico-sdk/sdk/2.1.0/src/rp2_common/pico_float/float_aeabi_rp2040.S.obj
                0x100028bc                __wrap___aeabi_frsub
                0x100028c2                __wrap___aeabi_fsub
                0x100028c8                __wrap___aeabi_fadd
                0x100028ce                __wrap___aeabi_fdiv
                0x100028f6                __wrap___aeabi_fmul
 .text.__wrap___aeabi_ui2f
                0x10002904        0xa CMakeFiles/controle_remoto_matrizLED.dir/C_/Users/jnilt/.pico-sdk/sdk/2.1.0/src/rp2_common/pico_float/float_aeabi_rp2040.S.obj
                0x10002904                __wrap___aeabi_ui2f
                0x10002904                uint2float
 *fill*         0x1000290e        0x2 
 .text.__wrap___aeabi_i2f
                0x10002910       0x44 CMakeFiles/controle_remoto_matrizLED.dir/C_/Users/jnilt/.pico-sdk/sdk/2.1.0/src/rp2_common/pico_float/float_aeabi_rp2040.S.obj
                0x10002910                __wrap___aeabi_i2f
                0x10002910                int2float
 .text.__wrap___aeabi_f2uiz
                0x10002954        0xc CMakeFiles/controle_remoto_matrizLED.dir/C_/Users/jnilt/.pico-sdk/sdk/2.1.0/src/rp2_common/pico_float/float_aeabi_rp2040.S.obj
                0x10002954                __wrap___aeabi_f2uiz
                0x10002954                float2uint_z
 .text.missing_float_func_shim
                0x10002960        0xc CMakeFiles/controle_remoto_matrizLED.dir/C_/Users/jnilt/.pico-sdk/sdk/2.1.0/src/rp2_common/pico_float/float_init_rom_rp2040.c.obj
 .text.__aeabi_float_init
                0x1000296c       0x5c CMakeFiles/controle_remoto_matrizLED.dir/C_/Users/jnilt/.pico-sdk/sdk/2.1.0/src/rp2_common/pico_float/float_init_rom_rp2040.c.obj
                0x1000296c                __aeabi_float_init
 .text.__wrap_malloc
                0x100029c8       0x24 CMakeFiles/controle_remoto_matrizLED.dir/C_/Users/jnilt/.pico-sdk/sdk/2.1.0/src/rp2_common/pico_malloc/malloc.c.obj
                0x100029c8                __wrap_malloc
 .text.__wrap_realloc
                0x100029ec       0x24 CMakeFiles/controle_remoto_matrizLED.dir/C_/Users/jnilt/.pico-sdk/sdk/2.1.0/src/rp2_common/pico_malloc/malloc.c.obj
                0x100029ec                __wrap_realloc
 .text.__wrap_free
                0x10002a10        0x8 CMakeFiles/controle_remoto_matrizLED.dir/C_/Users/jnilt/.pico-sdk/sdk/2.1.0/src/rp2_common/pico_malloc/malloc.c.obj
                0x10002a10                __wrap_free
 .text          0x10002a18       0x10 CMakeFiles/controle_remoto_matrizLED.dir/C_/Users/jnilt/.pico-sdk/sdk/2.1.0/src/rp2_common/pico_mem_ops/mem_ops_aeabi.S.obj
                0x10002a18                __aeabi_mem_init
 .text.memset   0x10002a28        0xc CMakeFiles/controle_remoto_matrizLED.dir/C_/Users/jnilt/.pico-sdk/sdk/2.1.0/src/rp2_common/pico_mem_ops/mem_ops_aeabi.S.obj
                0x10002a28                __wrap_memset
 .text.memcpy   0x10002a34        0xc CMakeFiles/controle_remoto_matrizLED.dir/C_/Users/jnilt/.pico-sdk/sdk/2.1.0/src/rp2_common/pico_mem_ops/mem_ops_aeabi.S.obj
                0x10002a34                __wrap_memcpy
                0x10002a34                __wrap___aeabi_memcpy
 .text._out_buffer
                0x10002a40        0x8 CMakeFiles/controle_remoto_matrizLED.dir/C_/Users/jnilt/.pico-sdk/sdk/2.1.0/src/rp2_common/pico_printf/printf.c.obj
 .text._out_null
                0x10002a48        0x4 CMakeFiles/controle_remoto_matrizLED.dir/C_/Users/jnilt/.pico-sdk/sdk/2.1.0/src/rp2_common/pico_printf/printf.c.obj
 .text._out_rev
                0x10002a4c       0xac CMakeFiles/controle_remoto_matrizLED.dir/C_/Users/jnilt/.pico-sdk/sdk/2.1.0/src/rp2_common/pico_printf/printf.c.obj
 .text._ntoa_format
                0x10002af8      0x250 CMakeFiles/controle_remoto_matrizLED.dir/C_/Users/jnilt/.pico-sdk/sdk/2.1.0/src/rp2_common/pico_printf/printf.c.obj
 .text._out_char
                0x10002d48       0x10 CMakeFiles/controle_remoto_matrizLED.dir/C_/Users/jnilt/.pico-sdk/sdk/2.1.0/src/rp2_common/pico_printf/printf.c.obj
 .text._out_fct
                0x10002d58       0x10 CMakeFiles/controle_remoto_matrizLED.dir/C_/Users/jnilt/.pico-sdk/sdk/2.1.0/src/rp2_common/pico_printf/printf.c.obj
 .text._etoa    0x10002d68      0x464 CMakeFiles/controle_remoto_matrizLED.dir/C_/Users/jnilt/.pico-sdk/sdk/2.1.0/src/rp2_common/pico_printf/printf.c.obj
 .text._ftoa    0x100031cc      0x3c0 CMakeFiles/controle_remoto_matrizLED.dir/C_/Users/jnilt/.pico-sdk/sdk/2.1.0/src/rp2_common/pico_printf/printf.c.obj
 .text._vsnprintf
                0x1000358c      0xbc8 CMakeFiles/controle_remoto_matrizLED.dir/C_/Users/jnilt/.pico-sdk/sdk/2.1.0/src/rp2_common/pico_printf/printf.c.obj
 .text.__wrap_sprintf
                0x10004154       0x2c CMakeFiles/controle_remoto_matrizLED.dir/C_/Users/jnilt/.pico-sdk/sdk/2.1.0/src/rp2_common/pico_printf/printf.c.obj
                0x10004154                __wrap_sprintf
 .text.__wrap_snprintf
                0x10004180       0x28 CMakeFiles/controle_remoto_matrizLED.dir/C_/Users/jnilt/.pico-sdk/sdk/2.1.0/src/rp2_common/pico_printf/printf.c.obj
                0x10004180                __wrap_snprintf
 .text.vfctprintf
                0x100041a8       0x20 CMakeFiles/controle_remoto_matrizLED.dir/C_/Users/jnilt/.pico-sdk/sdk/2.1.0/src/rp2_common/pico_printf/printf.c.obj
                0x100041a8                vfctprintf
 .text.weak_raw_printf
                0x100041c8       0x40 CMakeFiles/controle_remoto_matrizLED.dir/C_/Users/jnilt/.pico-sdk/sdk/2.1.0/src/rp2_common/pico_printf/printf.c.obj
                0x100041c8                weak_raw_printf
 .text.weak_raw_vprintf
                0x10004208       0x30 CMakeFiles/controle_remoto_matrizLED.dir/C_/Users/jnilt/.pico-sdk/sdk/2.1.0/src/rp2_common/pico_printf/printf.c.obj
                0x10004208                weak_raw_vprintf
 .text._exit    0x10004238        0x4 CMakeFiles/controle_remoto_matrizLED.dir/C_/Users/jnilt/.pico-sdk/sdk/2.1.0/src/rp2_common/pico_clib_interface/newlib_interface.c.obj
                0x10004238                _exit
 .text._sbrk    0x1000423c       0x34 CMakeFiles/controle_remoto_matrizLED.dir/C_/Users/jnilt/.pico-sdk/sdk/2.1.0/src/rp2_common/pico_clib_interface/newlib_interface.c.obj
                0x1000423c                _sbrk
 .text.exit     0x10004270        0x8 CMakeFiles/controle_remoto_matrizLED.dir/C_/Users/jnilt/.pico-sdk/sdk/2.1.0/src/rp2_common/pico_clib_interface/newlib_interface.c.obj
                0x10004270                exit
 .text.__assert_func
                0x10004278       0x38 CMakeFiles/controle_remoto_matrizLED.dir/C_/Users/jnilt/.pico-sdk/sdk/2.1.0/src/rp2_common/pico_clib_interface/newlib_interface.c.obj
                0x10004278                __assert_func
 .text.runtime_init
                0x100042b0       0x2c CMakeFiles/controle_remoto_matrizLED.dir/C_/Users/jnilt/.pico-sdk/sdk/2.1.0/src/rp2_common/pico_clib_interface/newlib_interface.c.obj
                0x100042b0                runtime_init
 .text.stdio_out_chars_no_crlf
                0x100042dc       0x10 CMakeFiles/controle_remoto_matrizLED.dir/C_/Users/jnilt/.pico-sdk/sdk/2.1.0/src/rp2_common/pico_stdio/stdio.c.obj
 .text.stdio_out_chars_crlf
                0x100042ec       0x94 CMakeFiles/controle_remoto_matrizLED.dir/C_/Users/jnilt/.pico-sdk/sdk/2.1.0/src/rp2_common/pico_stdio/stdio.c.obj
 .text.stdio_buffered_printer
                0x10004380       0x64 CMakeFiles/controle_remoto_matrizLED.dir/C_/Users/jnilt/.pico-sdk/sdk/2.1.0/src/rp2_common/pico_stdio/stdio.c.obj
 .text.stdio_put_string
                0x100043e4      0x100 CMakeFiles/controle_remoto_matrizLED.dir/C_/Users/jnilt/.pico-sdk/sdk/2.1.0/src/rp2_common/pico_stdio/stdio.c.obj
                0x100043e4                stdio_put_string
 .text.stdio_set_driver_enabled
                0x100044e4       0x30 CMakeFiles/controle_remoto_matrizLED.dir/C_/Users/jnilt/.pico-sdk/sdk/2.1.0/src/rp2_common/pico_stdio/stdio.c.obj
                0x100044e4                stdio_set_driver_enabled
 .text.stdio_init_all
                0x10004514        0x8 CMakeFiles/controle_remoto_matrizLED.dir/C_/Users/jnilt/.pico-sdk/sdk/2.1.0/src/rp2_common/pico_stdio/stdio.c.obj
                0x10004514                stdio_init_all
 .text.__wrap_putchar
                0x1000451c       0x98 CMakeFiles/controle_remoto_matrizLED.dir/C_/Users/jnilt/.pico-sdk/sdk/2.1.0/src/rp2_common/pico_stdio/stdio.c.obj
                0x1000451c                __wrap_putchar
                0x1000451c                stdio_putchar
 .text.__wrap_puts
                0x100045b4       0x3c CMakeFiles/controle_remoto_matrizLED.dir/C_/Users/jnilt/.pico-sdk/sdk/2.1.0/src/rp2_common/pico_stdio/stdio.c.obj
                0x100045b4                stdio_puts
                0x100045b4                __wrap_puts
 .text.__wrap_vprintf
                0x100045f0       0xd4 CMakeFiles/controle_remoto_matrizLED.dir/C_/Users/jnilt/.pico-sdk/sdk/2.1.0/src/rp2_common/pico_stdio/stdio.c.obj
                0x100045f0                stdio_vprintf
                0x100045f0                __wrap_vprintf
 .text.__wrap_printf
                0x100046c4       0x18 CMakeFiles/controle_remoto_matrizLED.dir/C_/Users/jnilt/.pico-sdk/sdk/2.1.0/src/rp2_common/pico_stdio/stdio.c.obj
                0x100046c4                __wrap_printf
                0x100046c4                stdio_printf
 .text.resetd_init
                0x100046dc        0x4 CMakeFiles/controle_remoto_matrizLED.dir/C_/Users/jnilt/.pico-sdk/sdk/2.1.0/src/rp2_common/pico_stdio_usb/reset_interface.c.obj
 .text.resetd_reset
                0x100046e0        0xc CMakeFiles/controle_remoto_matrizLED.dir/C_/Users/jnilt/.pico-sdk/sdk/2.1.0/src/rp2_common/pico_stdio_usb/reset_interface.c.obj
 .text.resetd_open
                0x100046ec       0x28 CMakeFiles/controle_remoto_matrizLED.dir/C_/Users/jnilt/.pico-sdk/sdk/2.1.0/src/rp2_common/pico_stdio_usb/reset_interface.c.obj
 .text.resetd_xfer_cb
                0x10004714        0x4 CMakeFiles/controle_remoto_matrizLED.dir/C_/Users/jnilt/.pico-sdk/sdk/2.1.0/src/rp2_common/pico_stdio_usb/reset_interface.c.obj
 .text.resetd_control_xfer_cb
                0x10004718       0x5c CMakeFiles/controle_remoto_matrizLED.dir/C_/Users/jnilt/.pico-sdk/sdk/2.1.0/src/rp2_common/pico_stdio_usb/reset_interface.c.obj
 .text.tud_descriptor_bos_cb
                0x10004774        0x8 CMakeFiles/controle_remoto_matrizLED.dir/C_/Users/jnilt/.pico-sdk/sdk/2.1.0/src/rp2_common/pico_stdio_usb/reset_interface.c.obj
                0x10004774                tud_descriptor_bos_cb
 .text.tud_vendor_control_xfer_cb
                0x1000477c       0x34 CMakeFiles/controle_remoto_matrizLED.dir/C_/Users/jnilt/.pico-sdk/sdk/2.1.0/src/rp2_common/pico_stdio_usb/reset_interface.c.obj
                0x1000477c                tud_vendor_control_xfer_cb
 .text.usbd_app_driver_get_cb
                0x100047b0        0xc CMakeFiles/controle_remoto_matrizLED.dir/C_/Users/jnilt/.pico-sdk/sdk/2.1.0/src/rp2_common/pico_stdio_usb/reset_interface.c.obj
                0x100047b0                usbd_app_driver_get_cb
 .text.tud_cdc_line_coding_cb
                0x100047bc       0x2c CMakeFiles/controle_remoto_matrizLED.dir/C_/Users/jnilt/.pico-sdk/sdk/2.1.0/src/rp2_common/pico_stdio_usb/reset_interface.c.obj
                0x100047bc                tud_cdc_line_coding_cb
 .text.stdio_usb_set_chars_available_callback
                0x100047e8       0x14 CMakeFiles/controle_remoto_matrizLED.dir/C_/Users/jnilt/.pico-sdk/sdk/2.1.0/src/rp2_common/pico_stdio_usb/stdio_usb.c.obj
                0x100047e8                stdio_usb_set_chars_available_callback
 .text.usb_irq  0x100047fc       0x10 CMakeFiles/controle_remoto_matrizLED.dir/C_/Users/jnilt/.pico-sdk/sdk/2.1.0/src/rp2_common/pico_stdio_usb/stdio_usb.c.obj
 .text.timer_task
                0x1000480c       0x64 CMakeFiles/controle_remoto_matrizLED.dir/C_/Users/jnilt/.pico-sdk/sdk/2.1.0/src/rp2_common/pico_stdio_usb/stdio_usb.c.obj
 .text.stdio_usb_in_chars
                0x10004870       0x90 CMakeFiles/controle_remoto_matrizLED.dir/C_/Users/jnilt/.pico-sdk/sdk/2.1.0/src/rp2_common/pico_stdio_usb/stdio_usb.c.obj
                0x10004870                stdio_usb_in_chars
 .text.stdio_usb_out_flush
                0x10004900       0x50 CMakeFiles/controle_remoto_matrizLED.dir/C_/Users/jnilt/.pico-sdk/sdk/2.1.0/src/rp2_common/pico_stdio_usb/stdio_usb.c.obj
 .text.stdio_usb_out_chars
                0x10004950      0x104 CMakeFiles/controle_remoto_matrizLED.dir/C_/Users/jnilt/.pico-sdk/sdk/2.1.0/src/rp2_common/pico_stdio_usb/stdio_usb.c.obj
 .text.low_priority_worker_irq
                0x10004a54       0xcc CMakeFiles/controle_remoto_matrizLED.dir/C_/Users/jnilt/.pico-sdk/sdk/2.1.0/src/rp2_common/pico_stdio_usb/stdio_usb.c.obj
 .text.stdio_usb_init
                0x10004b20       0xe8 CMakeFiles/controle_remoto_matrizLED.dir/C_/Users/jnilt/.pico-sdk/sdk/2.1.0/src/rp2_common/pico_stdio_usb/stdio_usb.c.obj
                0x10004b20                stdio_usb_init
 .text.tud_descriptor_device_cb
                0x10004c08        0x8 CMakeFiles/controle_remoto_matrizLED.dir/C_/Users/jnilt/.pico-sdk/sdk/2.1.0/src/rp2_common/pico_stdio_usb/stdio_usb_descriptors.c.obj
                0x10004c08                tud_descriptor_device_cb
 .text.tud_descriptor_configuration_cb
                0x10004c10        0x8 CMakeFiles/controle_remoto_matrizLED.dir/C_/Users/jnilt/.pico-sdk/sdk/2.1.0/src/rp2_common/pico_stdio_usb/stdio_usb_descriptors.c.obj
                0x10004c10                tud_descriptor_configuration_cb
 .text.tud_descriptor_string_cb
                0x10004c18       0x78 CMakeFiles/controle_remoto_matrizLED.dir/C_/Users/jnilt/.pico-sdk/sdk/2.1.0/src/rp2_common/pico_stdio_usb/stdio_usb_descriptors.c.obj
                0x10004c18                tud_descriptor_string_cb
 .text.startup._retrieve_unique_id_on_boot
                0x10004c90       0x10 CMakeFiles/controle_remoto_matrizLED.dir/C_/Users/jnilt/.pico-sdk/sdk/2.1.0/src/rp2_common/pico_unique_id/unique_id.c.obj
 .text.pico_get_unique_board_id
                0x10004ca0       0x10 CMakeFiles/controle_remoto_matrizLED.dir/C_/Users/jnilt/.pico-sdk/sdk/2.1.0/src/rp2_common/pico_unique_id/unique_id.c.obj
                0x10004ca0                pico_get_unique_board_id
 .text.pico_get_unique_board_id_string
                0x10004cb0      0x1a8 CMakeFiles/controle_remoto_matrizLED.dir/C_/Users/jnilt/.pico-sdk/sdk/2.1.0/src/rp2_common/pico_unique_id/unique_id.c.obj
                0x10004cb0                pico_get_unique_board_id_string
 .text.flash_get_unique_id
                0x10004e58       0x3c CMakeFiles/controle_remoto_matrizLED.dir/C_/Users/jnilt/.pico-sdk/sdk/2.1.0/src/rp2_common/hardware_flash/flash.c.obj
                0x10004e58                flash_get_unique_id
 .text.dcd_init
                0x10004e94       0x8c CMakeFiles/controle_remoto_matrizLED.dir/C_/Users/jnilt/.pico-sdk/sdk/2.1.0/lib/tinyusb/src/portable/raspberrypi/rp2040/dcd_rp2040.c.obj
                0x10004e94                dcd_init
 .text.dcd_int_enable
                0x10004f20        0xc CMakeFiles/controle_remoto_matrizLED.dir/C_/Users/jnilt/.pico-sdk/sdk/2.1.0/lib/tinyusb/src/portable/raspberrypi/rp2040/dcd_rp2040.c.obj
                0x10004f20                dcd_int_enable
 .text.dcd_set_address
                0x10004f2c       0x14 CMakeFiles/controle_remoto_matrizLED.dir/C_/Users/jnilt/.pico-sdk/sdk/2.1.0/lib/tinyusb/src/portable/raspberrypi/rp2040/dcd_rp2040.c.obj
                0x10004f2c                dcd_set_address
 .text.dcd_sof_enable
                0x10004f40       0x1c CMakeFiles/controle_remoto_matrizLED.dir/C_/Users/jnilt/.pico-sdk/sdk/2.1.0/lib/tinyusb/src/portable/raspberrypi/rp2040/dcd_rp2040.c.obj
                0x10004f40                dcd_sof_enable
 .text.dcd_edpt0_status_complete
                0x10004f5c       0x1c CMakeFiles/controle_remoto_matrizLED.dir/C_/Users/jnilt/.pico-sdk/sdk/2.1.0/lib/tinyusb/src/portable/raspberrypi/rp2040/dcd_rp2040.c.obj
                0x10004f5c                dcd_edpt0_status_complete
 .text.dcd_edpt_open
                0x10004f78      0x108 CMakeFiles/controle_remoto_matrizLED.dir/C_/Users/jnilt/.pico-sdk/sdk/2.1.0/lib/tinyusb/src/portable/raspberrypi/rp2040/dcd_rp2040.c.obj
                0x10004f78                dcd_edpt_open
 .text.dcd_edpt_close_all
                0x10005080        0x8 CMakeFiles/controle_remoto_matrizLED.dir/C_/Users/jnilt/.pico-sdk/sdk/2.1.0/lib/tinyusb/src/portable/raspberrypi/rp2040/dcd_rp2040.c.obj
                0x10005080                dcd_edpt_close_all
 .text.dcd_edpt_xfer
                0x10005088       0x24 CMakeFiles/controle_remoto_matrizLED.dir/C_/Users/jnilt/.pico-sdk/sdk/2.1.0/lib/tinyusb/src/portable/raspberrypi/rp2040/dcd_rp2040.c.obj
                0x10005088                dcd_edpt_xfer
 .text.dcd_edpt_stall
                0x100050ac       0x34 CMakeFiles/controle_remoto_matrizLED.dir/C_/Users/jnilt/.pico-sdk/sdk/2.1.0/lib/tinyusb/src/portable/raspberrypi/rp2040/dcd_rp2040.c.obj
                0x100050ac                dcd_edpt_stall
 .text.dcd_edpt_clear_stall
                0x100050e0       0x30 CMakeFiles/controle_remoto_matrizLED.dir/C_/Users/jnilt/.pico-sdk/sdk/2.1.0/lib/tinyusb/src/portable/raspberrypi/rp2040/dcd_rp2040.c.obj
                0x100050e0                dcd_edpt_clear_stall
 .text.rp2040_usb_init
                0x10005110       0x40 CMakeFiles/controle_remoto_matrizLED.dir/C_/Users/jnilt/.pico-sdk/sdk/2.1.0/lib/tinyusb/src/portable/raspberrypi/rp2040/rp2040_usb.c.obj
                0x10005110                rp2040_usb_init
 .text.hw_endpoint_xfer_start
                0x10005150       0x40 CMakeFiles/controle_remoto_matrizLED.dir/C_/Users/jnilt/.pico-sdk/sdk/2.1.0/lib/tinyusb/src/portable/raspberrypi/rp2040/rp2040_usb.c.obj
                0x10005150                hw_endpoint_xfer_start
 .text.tud_event_hook_cb
                0x10005190        0x4 CMakeFiles/controle_remoto_matrizLED.dir/C_/Users/jnilt/.pico-sdk/sdk/2.1.0/lib/tinyusb/src/device/usbd.c.obj
                0x10005190                tud_event_hook_cb
 .text.tud_sof_cb
                0x10005194        0x4 CMakeFiles/controle_remoto_matrizLED.dir/C_/Users/jnilt/.pico-sdk/sdk/2.1.0/lib/tinyusb/src/device/usbd.c.obj
                0x10005194                tud_sof_cb
 .text.tud_descriptor_device_qualifier_cb
                0x10005198        0x4 CMakeFiles/controle_remoto_matrizLED.dir/C_/Users/jnilt/.pico-sdk/sdk/2.1.0/lib/tinyusb/src/device/usbd.c.obj
                0x10005198                tud_descriptor_device_qualifier_cb
 .text.tud_descriptor_other_speed_configuration_cb
                0x1000519c        0x4 CMakeFiles/controle_remoto_matrizLED.dir/C_/Users/jnilt/.pico-sdk/sdk/2.1.0/lib/tinyusb/src/device/usbd.c.obj
                0x1000519c                tud_descriptor_other_speed_configuration_cb
 .text.tud_mount_cb
                0x100051a0        0x4 CMakeFiles/controle_remoto_matrizLED.dir/C_/Users/jnilt/.pico-sdk/sdk/2.1.0/lib/tinyusb/src/device/usbd.c.obj
                0x100051a0                tud_mount_cb
 .text.tud_umount_cb
                0x100051a4        0x4 CMakeFiles/controle_remoto_matrizLED.dir/C_/Users/jnilt/.pico-sdk/sdk/2.1.0/lib/tinyusb/src/device/usbd.c.obj
                0x100051a4                tud_umount_cb
 .text.tud_suspend_cb
                0x100051a8        0x4 CMakeFiles/controle_remoto_matrizLED.dir/C_/Users/jnilt/.pico-sdk/sdk/2.1.0/lib/tinyusb/src/device/usbd.c.obj
                0x100051a8                tud_suspend_cb
 .text.tud_resume_cb
                0x100051ac        0x4 CMakeFiles/controle_remoto_matrizLED.dir/C_/Users/jnilt/.pico-sdk/sdk/2.1.0/lib/tinyusb/src/device/usbd.c.obj
                0x100051ac                tud_resume_cb
 .text.tud_mounted
                0x100051b0       0x10 CMakeFiles/controle_remoto_matrizLED.dir/C_/Users/jnilt/.pico-sdk/sdk/2.1.0/lib/tinyusb/src/device/usbd.c.obj
                0x100051b0                tud_mounted
 .text.tud_suspended
                0x100051c0       0x10 CMakeFiles/controle_remoto_matrizLED.dir/C_/Users/jnilt/.pico-sdk/sdk/2.1.0/lib/tinyusb/src/device/usbd.c.obj
                0x100051c0                tud_suspended
 .text.tud_init
                0x100051d0       0xe4 CMakeFiles/controle_remoto_matrizLED.dir/C_/Users/jnilt/.pico-sdk/sdk/2.1.0/lib/tinyusb/src/device/usbd.c.obj
                0x100051d0                tud_init
 .text.tud_task_ext
                0x100052b4      0x800 CMakeFiles/controle_remoto_matrizLED.dir/C_/Users/jnilt/.pico-sdk/sdk/2.1.0/lib/tinyusb/src/device/usbd.c.obj
                0x100052b4                tud_task_ext
 .text.usbd_open_edpt_pair
                0x10005ab4       0x9c CMakeFiles/controle_remoto_matrizLED.dir/C_/Users/jnilt/.pico-sdk/sdk/2.1.0/lib/tinyusb/src/device/usbd.c.obj
                0x10005ab4                usbd_open_edpt_pair
 .text.usbd_edpt_open
                0x10005b50       0x34 CMakeFiles/controle_remoto_matrizLED.dir/C_/Users/jnilt/.pico-sdk/sdk/2.1.0/lib/tinyusb/src/device/usbd.c.obj
                0x10005b50                usbd_edpt_open
 .text.usbd_edpt_claim
                0x10005b84       0x28 CMakeFiles/controle_remoto_matrizLED.dir/C_/Users/jnilt/.pico-sdk/sdk/2.1.0/lib/tinyusb/src/device/usbd.c.obj
                0x10005b84                usbd_edpt_claim
 .text.usbd_edpt_release
                0x10005bac       0x28 CMakeFiles/controle_remoto_matrizLED.dir/C_/Users/jnilt/.pico-sdk/sdk/2.1.0/lib/tinyusb/src/device/usbd.c.obj
                0x10005bac                usbd_edpt_release
 .text.usbd_edpt_xfer
                0x10005bd4       0x4c CMakeFiles/controle_remoto_matrizLED.dir/C_/Users/jnilt/.pico-sdk/sdk/2.1.0/lib/tinyusb/src/device/usbd.c.obj
                0x10005bd4                usbd_edpt_xfer
 .text.tud_control_status
                0x10005c20       0x2c CMakeFiles/controle_remoto_matrizLED.dir/C_/Users/jnilt/.pico-sdk/sdk/2.1.0/lib/tinyusb/src/device/usbd_control.c.obj
                0x10005c20                tud_control_status
 .text.tud_control_xfer
                0x10005c4c       0xac CMakeFiles/controle_remoto_matrizLED.dir/C_/Users/jnilt/.pico-sdk/sdk/2.1.0/lib/tinyusb/src/device/usbd_control.c.obj
                0x10005c4c                tud_control_xfer
 .text.usbd_control_reset
                0x10005cf8       0x14 CMakeFiles/controle_remoto_matrizLED.dir/C_/Users/jnilt/.pico-sdk/sdk/2.1.0/lib/tinyusb/src/device/usbd_control.c.obj
                0x10005cf8                usbd_control_reset
 .text.usbd_control_set_complete_callback
                0x10005d0c        0xc CMakeFiles/controle_remoto_matrizLED.dir/C_/Users/jnilt/.pico-sdk/sdk/2.1.0/lib/tinyusb/src/device/usbd_control.c.obj
                0x10005d0c                usbd_control_set_complete_callback
 .text.usbd_control_set_request
                0x10005d18       0x1c CMakeFiles/controle_remoto_matrizLED.dir/C_/Users/jnilt/.pico-sdk/sdk/2.1.0/lib/tinyusb/src/device/usbd_control.c.obj
                0x10005d18                usbd_control_set_request
 .text.usbd_control_xfer_cb
                0x10005d34       0xec CMakeFiles/controle_remoto_matrizLED.dir/C_/Users/jnilt/.pico-sdk/sdk/2.1.0/lib/tinyusb/src/device/usbd_control.c.obj
                0x10005d34                usbd_control_xfer_cb
 .text._prep_out_transaction.isra.0
                0x10005e20       0x5c CMakeFiles/controle_remoto_matrizLED.dir/C_/Users/jnilt/.pico-sdk/sdk/2.1.0/lib/tinyusb/src/class/cdc/cdc_device.c.obj
 .text.tud_cdc_n_connected
                0x10005e7c       0x30 CMakeFiles/controle_remoto_matrizLED.dir/C_/Users/jnilt/.pico-sdk/sdk/2.1.0/lib/tinyusb/src/class/cdc/cdc_device.c.obj
                0x10005e7c                tud_cdc_n_connected
 .text.tud_cdc_n_available
                0x10005eac       0x18 CMakeFiles/controle_remoto_matrizLED.dir/C_/Users/jnilt/.pico-sdk/sdk/2.1.0/lib/tinyusb/src/class/cdc/cdc_device.c.obj
                0x10005eac                tud_cdc_n_available
 .text.tud_cdc_n_read
                0x10005ec4       0x98 CMakeFiles/controle_remoto_matrizLED.dir/C_/Users/jnilt/.pico-sdk/sdk/2.1.0/lib/tinyusb/src/class/cdc/cdc_device.c.obj
                0x10005ec4                tud_cdc_n_read
 .text.tud_cdc_n_write_flush
                0x10005f5c       0x78 CMakeFiles/controle_remoto_matrizLED.dir/C_/Users/jnilt/.pico-sdk/sdk/2.1.0/lib/tinyusb/src/class/cdc/cdc_device.c.obj
                0x10005f5c                tud_cdc_n_write_flush
 .text.tud_cdc_n_write
                0x10005fd4       0x40 CMakeFiles/controle_remoto_matrizLED.dir/C_/Users/jnilt/.pico-sdk/sdk/2.1.0/lib/tinyusb/src/class/cdc/cdc_device.c.obj
                0x10005fd4                tud_cdc_n_write
 .text.tud_cdc_n_write_available
                0x10006014       0x18 CMakeFiles/controle_remoto_matrizLED.dir/C_/Users/jnilt/.pico-sdk/sdk/2.1.0/lib/tinyusb/src/class/cdc/cdc_device.c.obj
                0x10006014                tud_cdc_n_write_available
 .text.cdcd_init
                0x1000602c       0x7c CMakeFiles/controle_remoto_matrizLED.dir/C_/Users/jnilt/.pico-sdk/sdk/2.1.0/lib/tinyusb/src/class/cdc/cdc_device.c.obj
                0x1000602c                cdcd_init
 .text.cdcd_deinit
                0x100060a8       0x34 CMakeFiles/controle_remoto_matrizLED.dir/C_/Users/jnilt/.pico-sdk/sdk/2.1.0/lib/tinyusb/src/class/cdc/cdc_device.c.obj
                0x100060a8                cdcd_deinit
 .text.cdcd_reset
                0x100060dc       0x4c CMakeFiles/controle_remoto_matrizLED.dir/C_/Users/jnilt/.pico-sdk/sdk/2.1.0/lib/tinyusb/src/class/cdc/cdc_device.c.obj
                0x100060dc                cdcd_reset
 .text.cdcd_open
                0x10006128       0xb0 CMakeFiles/controle_remoto_matrizLED.dir/C_/Users/jnilt/.pico-sdk/sdk/2.1.0/lib/tinyusb/src/class/cdc/cdc_device.c.obj
                0x10006128                cdcd_open
 .text.cdcd_control_xfer_cb
                0x100061d8       0xe4 CMakeFiles/controle_remoto_matrizLED.dir/C_/Users/jnilt/.pico-sdk/sdk/2.1.0/lib/tinyusb/src/class/cdc/cdc_device.c.obj
                0x100061d8                cdcd_control_xfer_cb
 .text.cdcd_xfer_cb
                0x100062bc      0x100 CMakeFiles/controle_remoto_matrizLED.dir/C_/Users/jnilt/.pico-sdk/sdk/2.1.0/lib/tinyusb/src/class/cdc/cdc_device.c.obj
                0x100062bc                cdcd_xfer_cb
 .text.vendord_init
                0x100063bc       0x5c CMakeFiles/controle_remoto_matrizLED.dir/C_/Users/jnilt/.pico-sdk/sdk/2.1.0/lib/tinyusb/src/class/vendor/vendor_device.c.obj
                0x100063bc                vendord_init
 .text.vendord_deinit
                0x10006418       0x1c CMakeFiles/controle_remoto_matrizLED.dir/C_/Users/jnilt/.pico-sdk/sdk/2.1.0/lib/tinyusb/src/class/vendor/vendor_device.c.obj
                0x10006418                vendord_deinit
 .text.vendord_reset
                0x10006434       0x20 CMakeFiles/controle_remoto_matrizLED.dir/C_/Users/jnilt/.pico-sdk/sdk/2.1.0/lib/tinyusb/src/class/vendor/vendor_device.c.obj
                0x10006434                vendord_reset
 .text.vendord_open
                0x10006454      0x138 CMakeFiles/controle_remoto_matrizLED.dir/C_/Users/jnilt/.pico-sdk/sdk/2.1.0/lib/tinyusb/src/class/vendor/vendor_device.c.obj
                0x10006454                vendord_open
 .text.vendord_xfer_cb
                0x1000658c       0x9c CMakeFiles/controle_remoto_matrizLED.dir/C_/Users/jnilt/.pico-sdk/sdk/2.1.0/lib/tinyusb/src/class/vendor/vendor_device.c.obj
                0x1000658c                vendord_xfer_cb
 .text.tusb_init
                0x10006628        0xc CMakeFiles/controle_remoto_matrizLED.dir/C_/Users/jnilt/.pico-sdk/sdk/2.1.0/lib/tinyusb/src/tusb.c.obj
                0x10006628                tusb_init
 .text.tu_edpt_claim
                0x10006634       0x50 CMakeFiles/controle_remoto_matrizLED.dir/C_/Users/jnilt/.pico-sdk/sdk/2.1.0/lib/tinyusb/src/tusb.c.obj
                0x10006634                tu_edpt_claim
 .text.tu_edpt_release
                0x10006684       0x38 CMakeFiles/controle_remoto_matrizLED.dir/C_/Users/jnilt/.pico-sdk/sdk/2.1.0/lib/tinyusb/src/tusb.c.obj
                0x10006684                tu_edpt_release
 .text.tu_edpt_validate
                0x100066bc       0x7c CMakeFiles/controle_remoto_matrizLED.dir/C_/Users/jnilt/.pico-sdk/sdk/2.1.0/lib/tinyusb/src/tusb.c.obj
                0x100066bc                tu_edpt_validate
 .text.tu_edpt_bind_driver
                0x10006738       0x34 CMakeFiles/controle_remoto_matrizLED.dir/C_/Users/jnilt/.pico-sdk/sdk/2.1.0/lib/tinyusb/src/tusb.c.obj
                0x10006738                tu_edpt_bind_driver
 .text.tu_edpt_stream_init
                0x1000676c       0x6c CMakeFiles/controle_remoto_matrizLED.dir/C_/Users/jnilt/.pico-sdk/sdk/2.1.0/lib/tinyusb/src/tusb.c.obj
                0x1000676c                tu_edpt_stream_init
 .text.tu_edpt_stream_deinit
                0x100067d8        0x4 CMakeFiles/controle_remoto_matrizLED.dir/C_/Users/jnilt/.pico-sdk/sdk/2.1.0/lib/tinyusb/src/tusb.c.obj
                0x100067d8                tu_edpt_stream_deinit
 .text.tu_edpt_stream_write_zlp_if_needed
                0x100067dc       0x68 CMakeFiles/controle_remoto_matrizLED.dir/C_/Users/jnilt/.pico-sdk/sdk/2.1.0/lib/tinyusb/src/tusb.c.obj
                0x100067dc                tu_edpt_stream_write_zlp_if_needed
 .text.tu_edpt_stream_write_xfer
                0x10006844       0x64 CMakeFiles/controle_remoto_matrizLED.dir/C_/Users/jnilt/.pico-sdk/sdk/2.1.0/lib/tinyusb/src/tusb.c.obj
                0x10006844                tu_edpt_stream_write_xfer
 .text.tu_edpt_stream_read_xfer
                0x100068a8       0xdc CMakeFiles/controle_remoto_matrizLED.dir/C_/Users/jnilt/.pico-sdk/sdk/2.1.0/lib/tinyusb/src/tusb.c.obj
                0x100068a8                tu_edpt_stream_read_xfer
 .text.tu_fifo_config
                0x10006984       0x6c CMakeFiles/controle_remoto_matrizLED.dir/C_/Users/jnilt/.pico-sdk/sdk/2.1.0/lib/tinyusb/src/common/tusb_fifo.c.obj
                0x10006984                tu_fifo_config
 .text.tu_fifo_count
                0x100069f0       0x2c CMakeFiles/controle_remoto_matrizLED.dir/C_/Users/jnilt/.pico-sdk/sdk/2.1.0/lib/tinyusb/src/common/tusb_fifo.c.obj
                0x100069f0                tu_fifo_count
 .text.tu_fifo_empty
                0x10006a1c       0x10 CMakeFiles/controle_remoto_matrizLED.dir/C_/Users/jnilt/.pico-sdk/sdk/2.1.0/lib/tinyusb/src/common/tusb_fifo.c.obj
                0x10006a1c                tu_fifo_empty
 .text.tu_fifo_remaining
                0x10006a2c       0x2c CMakeFiles/controle_remoto_matrizLED.dir/C_/Users/jnilt/.pico-sdk/sdk/2.1.0/lib/tinyusb/src/common/tusb_fifo.c.obj
                0x10006a2c                tu_fifo_remaining
 .text.tu_fifo_read
                0x10006a58       0x9c CMakeFiles/controle_remoto_matrizLED.dir/C_/Users/jnilt/.pico-sdk/sdk/2.1.0/lib/tinyusb/src/common/tusb_fifo.c.obj
                0x10006a58                tu_fifo_read
 .text.tu_fifo_read_n
                0x10006af4       0xe8 CMakeFiles/controle_remoto_matrizLED.dir/C_/Users/jnilt/.pico-sdk/sdk/2.1.0/lib/tinyusb/src/common/tusb_fifo.c.obj
                0x10006af4                tu_fifo_read_n
 .text.tu_fifo_write
                0x10006bdc       0xa8 CMakeFiles/controle_remoto_matrizLED.dir/C_/Users/jnilt/.pico-sdk/sdk/2.1.0/lib/tinyusb/src/common/tusb_fifo.c.obj
                0x10006bdc                tu_fifo_write
 .text.tu_fifo_write_n
                0x10006c84      0x178 CMakeFiles/controle_remoto_matrizLED.dir/C_/Users/jnilt/.pico-sdk/sdk/2.1.0/lib/tinyusb/src/common/tusb_fifo.c.obj
                0x10006c84                tu_fifo_write_n
 .text.tu_fifo_clear
                0x10006dfc       0x40 CMakeFiles/controle_remoto_matrizLED.dir/C_/Users/jnilt/.pico-sdk/sdk/2.1.0/lib/tinyusb/src/common/tusb_fifo.c.obj
                0x10006dfc                tu_fifo_clear
 .text.tu_fifo_set_overwritable
                0x10006e3c       0x48 CMakeFiles/controle_remoto_matrizLED.dir/C_/Users/jnilt/.pico-sdk/sdk/2.1.0/lib/tinyusb/src/common/tusb_fifo.c.obj
                0x10006e3c                tu_fifo_set_overwritable
 .text.lwip_timeout_reached
                0x10006e84        0x8 CMakeFiles/controle_remoto_matrizLED.dir/C_/Users/jnilt/.pico-sdk/sdk/2.1.0/src/rp2_common/pico_lwip/lwip_nosys.c.obj
 .text.update_next_timeout
                0x10006e8c       0x60 CMakeFiles/controle_remoto_matrizLED.dir/C_/Users/jnilt/.pico-sdk/sdk/2.1.0/src/rp2_common/pico_lwip/lwip_nosys.c.obj
 .text.lwip_nosys_init
                0x10006eec       0x30 CMakeFiles/controle_remoto_matrizLED.dir/C_/Users/jnilt/.pico-sdk/sdk/2.1.0/src/rp2_common/pico_lwip/lwip_nosys.c.obj
                0x10006eec                lwip_nosys_init
 .text.lwip_nosys_deinit
                0x10006f1c       0x20 CMakeFiles/controle_remoto_matrizLED.dir/C_/Users/jnilt/.pico-sdk/sdk/2.1.0/src/rp2_common/pico_lwip/lwip_nosys.c.obj
                0x10006f1c                lwip_nosys_deinit
 .text.sys_arch_protect
                0x10006f3c        0x4 CMakeFiles/controle_remoto_matrizLED.dir/C_/Users/jnilt/.pico-sdk/sdk/2.1.0/src/rp2_common/pico_lwip/lwip_nosys.c.obj
                0x10006f3c                sys_arch_protect
 .text.sys_arch_unprotect
                0x10006f40        0x4 CMakeFiles/controle_remoto_matrizLED.dir/C_/Users/jnilt/.pico-sdk/sdk/2.1.0/src/rp2_common/pico_lwip/lwip_nosys.c.obj
                0x10006f40                sys_arch_unprotect
 .text.sys_now  0x10006f44       0x20 CMakeFiles/controle_remoto_matrizLED.dir/C_/Users/jnilt/.pico-sdk/sdk/2.1.0/src/rp2_common/pico_lwip/lwip_nosys.c.obj
                0x10006f44                sys_now
 .text.async_context_base_add_at_time_worker
                0x10006f64       0x24 CMakeFiles/controle_remoto_matrizLED.dir/C_/Users/jnilt/.pico-sdk/sdk/2.1.0/src/rp2_common/pico_async_context/async_context_base.c.obj
                0x10006f64                async_context_base_add_at_time_worker
 .text.async_context_base_remove_at_time_worker
                0x10006f88       0x28 CMakeFiles/controle_remoto_matrizLED.dir/C_/Users/jnilt/.pico-sdk/sdk/2.1.0/src/rp2_common/pico_async_context/async_context_base.c.obj
                0x10006f88                async_context_base_remove_at_time_worker
 .text.async_context_base_add_when_pending_worker
                0x10006fb0       0x24 CMakeFiles/controle_remoto_matrizLED.dir/C_/Users/jnilt/.pico-sdk/sdk/2.1.0/src/rp2_common/pico_async_context/async_context_base.c.obj
                0x10006fb0                async_context_base_add_when_pending_worker
 .text.async_context_base_remove_when_pending_worker
                0x10006fd4       0x28 CMakeFiles/controle_remoto_matrizLED.dir/C_/Users/jnilt/.pico-sdk/sdk/2.1.0/src/rp2_common/pico_async_context/async_context_base.c.obj
                0x10006fd4                async_context_base_remove_when_pending_worker
 .text.async_context_base_execute_once
                0x10006ffc      0x108 CMakeFiles/controle_remoto_matrizLED.dir/C_/Users/jnilt/.pico-sdk/sdk/2.1.0/src/rp2_common/pico_async_context/async_context_base.c.obj
                0x10006ffc                async_context_base_execute_once
 .text.splitmix64
                0x10007104       0x58 CMakeFiles/controle_remoto_matrizLED.dir/C_/Users/jnilt/.pico-sdk/sdk/2.1.0/src/rp2_common/pico_rand/rand.c.obj
 .text.xoroshiro128ss
                0x1000715c       0x90 CMakeFiles/controle_remoto_matrizLED.dir/C_/Users/jnilt/.pico-sdk/sdk/2.1.0/src/rp2_common/pico_rand/rand.c.obj
 .text.get_rand_64
                0x100071ec      0x4a4 CMakeFiles/controle_remoto_matrizLED.dir/C_/Users/jnilt/.pico-sdk/sdk/2.1.0/src/rp2_common/pico_rand/rand.c.obj
                0x100071ec                get_rand_64
 .text.get_rand_32
                0x10007690        0x8 CMakeFiles/controle_remoto_matrizLED.dir/C_/Users/jnilt/.pico-sdk/sdk/2.1.0/src/rp2_common/pico_rand/rand.c.obj
                0x10007690                get_rand_32
 .text.lwip_init
                0x10007698       0x24 CMakeFiles/controle_remoto_matrizLED.dir/C_/Users/jnilt/.pico-sdk/sdk/2.1.0/lib/lwip/src/core/init.c.obj
                0x10007698                lwip_init
 .text.lwip_htons
                0x100076bc        0x8 CMakeFiles/controle_remoto_matrizLED.dir/C_/Users/jnilt/.pico-sdk/sdk/2.1.0/lib/lwip/src/core/def.c.obj
                0x100076bc                lwip_htons
 .text.lwip_htonl
                0x100076c4        0x4 CMakeFiles/controle_remoto_matrizLED.dir/C_/Users/jnilt/.pico-sdk/sdk/2.1.0/lib/lwip/src/core/def.c.obj
                0x100076c4                lwip_htonl
 .text.dns_call_found
                0x100076c8      0x184 CMakeFiles/controle_remoto_matrizLED.dir/C_/Users/jnilt/.pico-sdk/sdk/2.1.0/lib/lwip/src/core/dns.c.obj
 .text.dns_send.isra.0
                0x1000784c      0x174 CMakeFiles/controle_remoto_matrizLED.dir/C_/Users/jnilt/.pico-sdk/sdk/2.1.0/lib/lwip/src/core/dns.c.obj
 .text.dns_init
                0x100079c0        0x4 CMakeFiles/controle_remoto_matrizLED.dir/C_/Users/jnilt/.pico-sdk/sdk/2.1.0/lib/lwip/src/core/dns.c.obj
                0x100079c0                dns_init
 .text.dns_setserver
                0x100079c4       0x24 CMakeFiles/controle_remoto_matrizLED.dir/C_/Users/jnilt/.pico-sdk/sdk/2.1.0/lib/lwip/src/core/dns.c.obj
                0x100079c4                dns_setserver
 .text.dns_tmr  0x100079e8      0x140 CMakeFiles/controle_remoto_matrizLED.dir/C_/Users/jnilt/.pico-sdk/sdk/2.1.0/lib/lwip/src/core/dns.c.obj
                0x100079e8                dns_tmr
 .text.lwip_standard_chksum
                0x10007b28       0xdc CMakeFiles/controle_remoto_matrizLED.dir/C_/Users/jnilt/.pico-sdk/sdk/2.1.0/lib/lwip/src/core/inet_chksum.c.obj
                0x10007b28                lwip_standard_chksum
 .text.inet_chksum_pseudo
                0x10007c04       0xbc CMakeFiles/controle_remoto_matrizLED.dir/C_/Users/jnilt/.pico-sdk/sdk/2.1.0/lib/lwip/src/core/inet_chksum.c.obj
                0x10007c04                inet_chksum_pseudo
 .text.ip_chksum_pseudo
                0x10007cc0       0x10 CMakeFiles/controle_remoto_matrizLED.dir/C_/Users/jnilt/.pico-sdk/sdk/2.1.0/lib/lwip/src/core/inet_chksum.c.obj
                0x10007cc0                ip_chksum_pseudo
 .text.inet_chksum
                0x10007cd0        0xc CMakeFiles/controle_remoto_matrizLED.dir/C_/Users/jnilt/.pico-sdk/sdk/2.1.0/lib/lwip/src/core/inet_chksum.c.obj
                0x10007cd0                inet_chksum
 .text.inet_chksum_pbuf
                0x10007cdc       0x78 CMakeFiles/controle_remoto_matrizLED.dir/C_/Users/jnilt/.pico-sdk/sdk/2.1.0/lib/lwip/src/core/inet_chksum.c.obj
                0x10007cdc                inet_chksum_pbuf
 .text.mem_init
                0x10007d54       0x3c CMakeFiles/controle_remoto_matrizLED.dir/C_/Users/jnilt/.pico-sdk/sdk/2.1.0/lib/lwip/src/core/mem.c.obj
                0x10007d54                mem_init
 .text.mem_free
                0x10007d90      0x130 CMakeFiles/controle_remoto_matrizLED.dir/C_/Users/jnilt/.pico-sdk/sdk/2.1.0/lib/lwip/src/core/mem.c.obj
                0x10007d90                mem_free
 .text.mem_trim
                0x10007ec0      0x104 CMakeFiles/controle_remoto_matrizLED.dir/C_/Users/jnilt/.pico-sdk/sdk/2.1.0/lib/lwip/src/core/mem.c.obj
                0x10007ec0                mem_trim
 .text.mem_malloc
                0x10007fc4      0x124 CMakeFiles/controle_remoto_matrizLED.dir/C_/Users/jnilt/.pico-sdk/sdk/2.1.0/lib/lwip/src/core/mem.c.obj
                0x10007fc4                mem_malloc
 .text.memp_init
                0x100080e8       0x6c CMakeFiles/controle_remoto_matrizLED.dir/C_/Users/jnilt/.pico-sdk/sdk/2.1.0/lib/lwip/src/core/memp.c.obj
                0x100080e8                memp_init
 .text.memp_malloc
                0x10008154       0x40 CMakeFiles/controle_remoto_matrizLED.dir/C_/Users/jnilt/.pico-sdk/sdk/2.1.0/lib/lwip/src/core/memp.c.obj
                0x10008154                memp_malloc
 .text.memp_free
                0x10008194       0x38 CMakeFiles/controle_remoto_matrizLED.dir/C_/Users/jnilt/.pico-sdk/sdk/2.1.0/lib/lwip/src/core/memp.c.obj
                0x10008194                memp_free
 .text.netif_null_output_ip4
                0x100081cc        0x8 CMakeFiles/controle_remoto_matrizLED.dir/C_/Users/jnilt/.pico-sdk/sdk/2.1.0/lib/lwip/src/core/netif.c.obj
 .text.netif_do_set_ipaddr.isra.0
                0x100081d4       0x60 CMakeFiles/controle_remoto_matrizLED.dir/C_/Users/jnilt/.pico-sdk/sdk/2.1.0/lib/lwip/src/core/netif.c.obj
 .text.netif_init
                0x10008234        0x4 CMakeFiles/controle_remoto_matrizLED.dir/C_/Users/jnilt/.pico-sdk/sdk/2.1.0/lib/lwip/src/core/netif.c.obj
                0x10008234                netif_init
 .text.netif_add
                0x10008238      0x16c CMakeFiles/controle_remoto_matrizLED.dir/C_/Users/jnilt/.pico-sdk/sdk/2.1.0/lib/lwip/src/core/netif.c.obj
                0x10008238                netif_add
 .text.netif_set_addr
                0x100083a4       0xb4 CMakeFiles/controle_remoto_matrizLED.dir/C_/Users/jnilt/.pico-sdk/sdk/2.1.0/lib/lwip/src/core/netif.c.obj
                0x100083a4                netif_set_addr
 .text.netif_remove
                0x10008458       0x94 CMakeFiles/controle_remoto_matrizLED.dir/C_/Users/jnilt/.pico-sdk/sdk/2.1.0/lib/lwip/src/core/netif.c.obj
                0x10008458                netif_remove
 .text.netif_set_default
                0x100084ec        0xc CMakeFiles/controle_remoto_matrizLED.dir/C_/Users/jnilt/.pico-sdk/sdk/2.1.0/lib/lwip/src/core/netif.c.obj
                0x100084ec                netif_set_default
 .text.netif_set_up
                0x100084f8       0x40 CMakeFiles/controle_remoto_matrizLED.dir/C_/Users/jnilt/.pico-sdk/sdk/2.1.0/lib/lwip/src/core/netif.c.obj
                0x100084f8                netif_set_up
 .text.netif_set_link_up
                0x10008538       0x44 CMakeFiles/controle_remoto_matrizLED.dir/C_/Users/jnilt/.pico-sdk/sdk/2.1.0/lib/lwip/src/core/netif.c.obj
                0x10008538                netif_set_link_up
 .text.netif_set_link_down
                0x1000857c       0x20 CMakeFiles/controle_remoto_matrizLED.dir/C_/Users/jnilt/.pico-sdk/sdk/2.1.0/lib/lwip/src/core/netif.c.obj
                0x1000857c                netif_set_link_down
 .text.netif_get_by_index
                0x1000859c       0x2c CMakeFiles/controle_remoto_matrizLED.dir/C_/Users/jnilt/.pico-sdk/sdk/2.1.0/lib/lwip/src/core/netif.c.obj
                0x1000859c                netif_get_by_index
 .text.pbuf_free.part.0
                0x100085c8       0x7c CMakeFiles/controle_remoto_matrizLED.dir/C_/Users/jnilt/.pico-sdk/sdk/2.1.0/lib/lwip/src/core/pbuf.c.obj
 .text.pbuf_free_ooseq
                0x10008644       0x34 CMakeFiles/controle_remoto_matrizLED.dir/C_/Users/jnilt/.pico-sdk/sdk/2.1.0/lib/lwip/src/core/pbuf.c.obj
                0x10008644                pbuf_free_ooseq
 .text.pbuf_alloc
                0x10008678      0x134 CMakeFiles/controle_remoto_matrizLED.dir/C_/Users/jnilt/.pico-sdk/sdk/2.1.0/lib/lwip/src/core/pbuf.c.obj
                0x10008678                pbuf_alloc
 .text.pbuf_realloc
                0x100087ac       0x84 CMakeFiles/controle_remoto_matrizLED.dir/C_/Users/jnilt/.pico-sdk/sdk/2.1.0/lib/lwip/src/core/pbuf.c.obj
                0x100087ac                pbuf_realloc
 .text.pbuf_add_header
                0x10008830       0x50 CMakeFiles/controle_remoto_matrizLED.dir/C_/Users/jnilt/.pico-sdk/sdk/2.1.0/lib/lwip/src/core/pbuf.c.obj
                0x10008830                pbuf_add_header
 .text.pbuf_remove_header
                0x10008880       0x3c CMakeFiles/controle_remoto_matrizLED.dir/C_/Users/jnilt/.pico-sdk/sdk/2.1.0/lib/lwip/src/core/pbuf.c.obj
                0x10008880                pbuf_remove_header
 .text.pbuf_header_force
                0x100088bc       0x68 CMakeFiles/controle_remoto_matrizLED.dir/C_/Users/jnilt/.pico-sdk/sdk/2.1.0/lib/lwip/src/core/pbuf.c.obj
                0x100088bc                pbuf_header_force
 .text.pbuf_free
                0x10008924       0x18 CMakeFiles/controle_remoto_matrizLED.dir/C_/Users/jnilt/.pico-sdk/sdk/2.1.0/lib/lwip/src/core/pbuf.c.obj
                0x10008924                pbuf_free
 .text.pbuf_clen
                0x1000893c       0x14 CMakeFiles/controle_remoto_matrizLED.dir/C_/Users/jnilt/.pico-sdk/sdk/2.1.0/lib/lwip/src/core/pbuf.c.obj
                0x1000893c                pbuf_clen
 .text.pbuf_ref
                0x10008950       0x28 CMakeFiles/controle_remoto_matrizLED.dir/C_/Users/jnilt/.pico-sdk/sdk/2.1.0/lib/lwip/src/core/pbuf.c.obj
                0x10008950                pbuf_ref
 .text.pbuf_cat
                0x10008978       0x44 CMakeFiles/controle_remoto_matrizLED.dir/C_/Users/jnilt/.pico-sdk/sdk/2.1.0/lib/lwip/src/core/pbuf.c.obj
                0x10008978                pbuf_cat
 .text.pbuf_chain
                0x100089bc       0x64 CMakeFiles/controle_remoto_matrizLED.dir/C_/Users/jnilt/.pico-sdk/sdk/2.1.0/lib/lwip/src/core/pbuf.c.obj
                0x100089bc                pbuf_chain
 .text.pbuf_copy_partial_pbuf
                0x10008a20      0x148 CMakeFiles/controle_remoto_matrizLED.dir/C_/Users/jnilt/.pico-sdk/sdk/2.1.0/lib/lwip/src/core/pbuf.c.obj
                0x10008a20                pbuf_copy_partial_pbuf
 .text.pbuf_copy
                0x10008b68       0x18 CMakeFiles/controle_remoto_matrizLED.dir/C_/Users/jnilt/.pico-sdk/sdk/2.1.0/lib/lwip/src/core/pbuf.c.obj
                0x10008b68                pbuf_copy
 .text.pbuf_copy_partial
                0x10008b80       0x68 CMakeFiles/controle_remoto_matrizLED.dir/C_/Users/jnilt/.pico-sdk/sdk/2.1.0/lib/lwip/src/core/pbuf.c.obj
                0x10008b80                pbuf_copy_partial
 .text.pbuf_take
                0x10008be8       0x78 CMakeFiles/controle_remoto_matrizLED.dir/C_/Users/jnilt/.pico-sdk/sdk/2.1.0/lib/lwip/src/core/pbuf.c.obj
                0x10008be8                pbuf_take
 .text.pbuf_take_at
                0x10008c60       0xcc CMakeFiles/controle_remoto_matrizLED.dir/C_/Users/jnilt/.pico-sdk/sdk/2.1.0/lib/lwip/src/core/pbuf.c.obj
                0x10008c60                pbuf_take_at
 .text.pbuf_clone
                0x10008d2c       0x30 CMakeFiles/controle_remoto_matrizLED.dir/C_/Users/jnilt/.pico-sdk/sdk/2.1.0/lib/lwip/src/core/pbuf.c.obj
                0x10008d2c                pbuf_clone
 .text.pbuf_put_at
                0x10008d5c       0x1c CMakeFiles/controle_remoto_matrizLED.dir/C_/Users/jnilt/.pico-sdk/sdk/2.1.0/lib/lwip/src/core/pbuf.c.obj
                0x10008d5c                pbuf_put_at
 .text.raw_input
                0x10008d78      0x164 CMakeFiles/controle_remoto_matrizLED.dir/C_/Users/jnilt/.pico-sdk/sdk/2.1.0/lib/lwip/src/core/raw.c.obj
                0x10008d78                raw_input
 .text.raw_netif_ip_addr_changed
                0x10008edc       0x40 CMakeFiles/controle_remoto_matrizLED.dir/C_/Users/jnilt/.pico-sdk/sdk/2.1.0/lib/lwip/src/core/raw.c.obj
                0x10008edc                raw_netif_ip_addr_changed
 .text.stats_init
                0x10008f1c        0x4 CMakeFiles/controle_remoto_matrizLED.dir/C_/Users/jnilt/.pico-sdk/sdk/2.1.0/lib/lwip/src/core/stats.c.obj
                0x10008f1c                stats_init
 .text.tcp_close_shutdown_fin
                0x10008f20       0x54 CMakeFiles/controle_remoto_matrizLED.dir/C_/Users/jnilt/.pico-sdk/sdk/2.1.0/lib/lwip/src/core/tcp.c.obj
 .text.tcp_pcb_purge.part.0
                0x10008f74       0xc4 CMakeFiles/controle_remoto_matrizLED.dir/C_/Users/jnilt/.pico-sdk/sdk/2.1.0/lib/lwip/src/core/tcp.c.obj
 .text.tcp_init
                0x10009038       0x20 CMakeFiles/controle_remoto_matrizLED.dir/C_/Users/jnilt/.pico-sdk/sdk/2.1.0/lib/lwip/src/core/tcp.c.obj
                0x10009038                tcp_init
 .text.tcp_free
                0x10009058       0x1c CMakeFiles/controle_remoto_matrizLED.dir/C_/Users/jnilt/.pico-sdk/sdk/2.1.0/lib/lwip/src/core/tcp.c.obj
                0x10009058                tcp_free
 .text.tcp_bind
                0x10009074       0xf4 CMakeFiles/controle_remoto_matrizLED.dir/C_/Users/jnilt/.pico-sdk/sdk/2.1.0/lib/lwip/src/core/tcp.c.obj
                0x10009074                tcp_bind
 .text.tcp_listen_with_backlog
                0x10009168       0x98 CMakeFiles/controle_remoto_matrizLED.dir/C_/Users/jnilt/.pico-sdk/sdk/2.1.0/lib/lwip/src/core/tcp.c.obj
                0x10009168                tcp_listen_with_backlog
 .text.tcp_update_rcv_ann_wnd
                0x10009200       0x58 CMakeFiles/controle_remoto_matrizLED.dir/C_/Users/jnilt/.pico-sdk/sdk/2.1.0/lib/lwip/src/core/tcp.c.obj
                0x10009200                tcp_update_rcv_ann_wnd
 .text.tcp_recved
                0x10009258       0x98 CMakeFiles/controle_remoto_matrizLED.dir/C_/Users/jnilt/.pico-sdk/sdk/2.1.0/lib/lwip/src/core/tcp.c.obj
                0x10009258                tcp_recved
 .text.tcp_slowtmr
                0x100092f0      0x524 CMakeFiles/controle_remoto_matrizLED.dir/C_/Users/jnilt/.pico-sdk/sdk/2.1.0/lib/lwip/src/core/tcp.c.obj
                0x100092f0                tcp_slowtmr
 .text.tcp_segs_free
                0x10009814       0x38 CMakeFiles/controle_remoto_matrizLED.dir/C_/Users/jnilt/.pico-sdk/sdk/2.1.0/lib/lwip/src/core/tcp.c.obj
                0x10009814                tcp_segs_free
 .text.tcp_seg_free
                0x1000984c       0x1c CMakeFiles/controle_remoto_matrizLED.dir/C_/Users/jnilt/.pico-sdk/sdk/2.1.0/lib/lwip/src/core/tcp.c.obj
                0x1000984c                tcp_seg_free
 .text.tcp_seg_copy
                0x10009868       0x2c CMakeFiles/controle_remoto_matrizLED.dir/C_/Users/jnilt/.pico-sdk/sdk/2.1.0/lib/lwip/src/core/tcp.c.obj
                0x10009868                tcp_seg_copy
 .text.tcp_recv
                0x10009894       0x1c CMakeFiles/controle_remoto_matrizLED.dir/C_/Users/jnilt/.pico-sdk/sdk/2.1.0/lib/lwip/src/core/tcp.c.obj
                0x10009894                tcp_recv
 .text.tcp_accept
                0x100098b0       0x10 CMakeFiles/controle_remoto_matrizLED.dir/C_/Users/jnilt/.pico-sdk/sdk/2.1.0/lib/lwip/src/core/tcp.c.obj
                0x100098b0                tcp_accept
 .text.tcp_pcb_purge
                0x100098c0       0x18 CMakeFiles/controle_remoto_matrizLED.dir/C_/Users/jnilt/.pico-sdk/sdk/2.1.0/lib/lwip/src/core/tcp.c.obj
                0x100098c0                tcp_pcb_purge
 .text.tcp_pcb_remove
                0x100098d8       0xc8 CMakeFiles/controle_remoto_matrizLED.dir/C_/Users/jnilt/.pico-sdk/sdk/2.1.0/lib/lwip/src/core/tcp.c.obj
                0x100098d8                tcp_pcb_remove
 .text.tcp_abandon
                0x100099a0      0x1a0 CMakeFiles/controle_remoto_matrizLED.dir/C_/Users/jnilt/.pico-sdk/sdk/2.1.0/lib/lwip/src/core/tcp.c.obj
                0x100099a0                tcp_abandon
 .text.tcp_abort
                0x10009b40        0xc CMakeFiles/controle_remoto_matrizLED.dir/C_/Users/jnilt/.pico-sdk/sdk/2.1.0/lib/lwip/src/core/tcp.c.obj
                0x10009b40                tcp_abort
 .text.tcp_accept_null
                0x10009b4c       0x20 CMakeFiles/controle_remoto_matrizLED.dir/C_/Users/jnilt/.pico-sdk/sdk/2.1.0/lib/lwip/src/core/tcp.c.obj
 .text.tcp_alloc
                0x10009b6c      0x1d4 CMakeFiles/controle_remoto_matrizLED.dir/C_/Users/jnilt/.pico-sdk/sdk/2.1.0/lib/lwip/src/core/tcp.c.obj
                0x10009b6c                tcp_alloc
 .text.tcp_new  0x10009d40        0xc CMakeFiles/controle_remoto_matrizLED.dir/C_/Users/jnilt/.pico-sdk/sdk/2.1.0/lib/lwip/src/core/tcp.c.obj
                0x10009d40                tcp_new
 .text.tcp_close_shutdown
                0x10009d4c      0x188 CMakeFiles/controle_remoto_matrizLED.dir/C_/Users/jnilt/.pico-sdk/sdk/2.1.0/lib/lwip/src/core/tcp.c.obj
 .text.tcp_recv_null
                0x10009ed4       0xcc CMakeFiles/controle_remoto_matrizLED.dir/C_/Users/jnilt/.pico-sdk/sdk/2.1.0/lib/lwip/src/core/tcp.c.obj
                0x10009ed4                tcp_recv_null
 .text.tcp_process_refused_data
                0x10009fa0       0x78 CMakeFiles/controle_remoto_matrizLED.dir/C_/Users/jnilt/.pico-sdk/sdk/2.1.0/lib/lwip/src/core/tcp.c.obj
                0x10009fa0                tcp_process_refused_data
 .text.tcp_fasttmr
                0x1000a018       0x98 CMakeFiles/controle_remoto_matrizLED.dir/C_/Users/jnilt/.pico-sdk/sdk/2.1.0/lib/lwip/src/core/tcp.c.obj
                0x1000a018                tcp_fasttmr
 .text.tcp_tmr  0x1000a0b0       0x20 CMakeFiles/controle_remoto_matrizLED.dir/C_/Users/jnilt/.pico-sdk/sdk/2.1.0/lib/lwip/src/core/tcp.c.obj
                0x1000a0b0                tcp_tmr
 .text.tcp_close
                0x1000a0d0      0x170 CMakeFiles/controle_remoto_matrizLED.dir/C_/Users/jnilt/.pico-sdk/sdk/2.1.0/lib/lwip/src/core/tcp.c.obj
                0x1000a0d0                tcp_close
 .text.tcp_next_iss
                0x1000a240       0x28 CMakeFiles/controle_remoto_matrizLED.dir/C_/Users/jnilt/.pico-sdk/sdk/2.1.0/lib/lwip/src/core/tcp.c.obj
                0x1000a240                tcp_next_iss
 .text.tcp_eff_send_mss_netif
                0x1000a268       0x34 CMakeFiles/controle_remoto_matrizLED.dir/C_/Users/jnilt/.pico-sdk/sdk/2.1.0/lib/lwip/src/core/tcp.c.obj
                0x1000a268                tcp_eff_send_mss_netif
 .text.tcp_netif_ip_addr_changed
                0x1000a29c       0x94 CMakeFiles/controle_remoto_matrizLED.dir/C_/Users/jnilt/.pico-sdk/sdk/2.1.0/lib/lwip/src/core/tcp.c.obj
                0x1000a29c                tcp_netif_ip_addr_changed
 .text.tcp_free_ooseq
                0x1000a330       0x40 CMakeFiles/controle_remoto_matrizLED.dir/C_/Users/jnilt/.pico-sdk/sdk/2.1.0/lib/lwip/src/core/tcp.c.obj
                0x1000a330                tcp_free_ooseq
 .text.tcp_parseopt
                0x1000a370      0x1bc CMakeFiles/controle_remoto_matrizLED.dir/C_/Users/jnilt/.pico-sdk/sdk/2.1.0/lib/lwip/src/core/tcp_in.c.obj
 .text.tcp_oos_insert_segment
                0x1000a52c       0xdc CMakeFiles/controle_remoto_matrizLED.dir/C_/Users/jnilt/.pico-sdk/sdk/2.1.0/lib/lwip/src/core/tcp_in.c.obj
 .text.tcp_free_acked_segments.isra.0
                0x1000a608       0xdc CMakeFiles/controle_remoto_matrizLED.dir/C_/Users/jnilt/.pico-sdk/sdk/2.1.0/lib/lwip/src/core/tcp_in.c.obj
 .text.tcp_receive
                0x1000a6e4      0xa00 CMakeFiles/controle_remoto_matrizLED.dir/C_/Users/jnilt/.pico-sdk/sdk/2.1.0/lib/lwip/src/core/tcp_in.c.obj
 .text.tcp_input
                0x1000b0e4      0xe54 CMakeFiles/controle_remoto_matrizLED.dir/C_/Users/jnilt/.pico-sdk/sdk/2.1.0/lib/lwip/src/core/tcp_in.c.obj
                0x1000b0e4                tcp_input
 .text.tcp_trigger_input_pcb_close
                0x1000bf38       0x10 CMakeFiles/controle_remoto_matrizLED.dir/C_/Users/jnilt/.pico-sdk/sdk/2.1.0/lib/lwip/src/core/tcp_in.c.obj
                0x1000bf38                tcp_trigger_input_pcb_close
 .text.tcp_create_segment
                0x1000bf48       0xf8 CMakeFiles/controle_remoto_matrizLED.dir/C_/Users/jnilt/.pico-sdk/sdk/2.1.0/lib/lwip/src/core/tcp_out.c.obj
 .text.tcp_output_control_segment
                0x1000c040       0xc0 CMakeFiles/controle_remoto_matrizLED.dir/C_/Users/jnilt/.pico-sdk/sdk/2.1.0/lib/lwip/src/core/tcp_out.c.obj
 .text.tcp_output_alloc_header.constprop.0
                0x1000c100       0xc8 CMakeFiles/controle_remoto_matrizLED.dir/C_/Users/jnilt/.pico-sdk/sdk/2.1.0/lib/lwip/src/core/tcp_out.c.obj
 .text.tcp_write
                0x1000c1c8      0x468 CMakeFiles/controle_remoto_matrizLED.dir/C_/Users/jnilt/.pico-sdk/sdk/2.1.0/lib/lwip/src/core/tcp_out.c.obj
                0x1000c1c8                tcp_write
 .text.tcp_split_unsent_seg
                0x1000c630      0x1b4 CMakeFiles/controle_remoto_matrizLED.dir/C_/Users/jnilt/.pico-sdk/sdk/2.1.0/lib/lwip/src/core/tcp_out.c.obj
                0x1000c630                tcp_split_unsent_seg
 .text.tcp_send_fin
                0x1000c7e4      0x118 CMakeFiles/controle_remoto_matrizLED.dir/C_/Users/jnilt/.pico-sdk/sdk/2.1.0/lib/lwip/src/core/tcp_out.c.obj
                0x1000c7e4                tcp_send_fin
 .text.tcp_enqueue_flags
                0x1000c8fc      0x108 CMakeFiles/controle_remoto_matrizLED.dir/C_/Users/jnilt/.pico-sdk/sdk/2.1.0/lib/lwip/src/core/tcp_out.c.obj
                0x1000c8fc                tcp_enqueue_flags
 .text.tcp_rexmit_rto_prepare
                0x1000ca04       0x9c CMakeFiles/controle_remoto_matrizLED.dir/C_/Users/jnilt/.pico-sdk/sdk/2.1.0/lib/lwip/src/core/tcp_out.c.obj
                0x1000ca04                tcp_rexmit_rto_prepare
 .text.tcp_rexmit
                0x1000caa0       0x9c CMakeFiles/controle_remoto_matrizLED.dir/C_/Users/jnilt/.pico-sdk/sdk/2.1.0/lib/lwip/src/core/tcp_out.c.obj
                0x1000caa0                tcp_rexmit
 .text.tcp_rexmit_fast
                0x1000cb3c       0x64 CMakeFiles/controle_remoto_matrizLED.dir/C_/Users/jnilt/.pico-sdk/sdk/2.1.0/lib/lwip/src/core/tcp_out.c.obj
                0x1000cb3c                tcp_rexmit_fast
 .text.tcp_rst  0x1000cba0       0xe8 CMakeFiles/controle_remoto_matrizLED.dir/C_/Users/jnilt/.pico-sdk/sdk/2.1.0/lib/lwip/src/core/tcp_out.c.obj
                0x1000cba0                tcp_rst
 .text.tcp_rst_netif
                0x1000cc88      0x130 CMakeFiles/controle_remoto_matrizLED.dir/C_/Users/jnilt/.pico-sdk/sdk/2.1.0/lib/lwip/src/core/tcp_out.c.obj
                0x1000cc88                tcp_rst_netif
 .text.tcp_send_empty_ack
                0x1000cdb8       0x4c CMakeFiles/controle_remoto_matrizLED.dir/C_/Users/jnilt/.pico-sdk/sdk/2.1.0/lib/lwip/src/core/tcp_out.c.obj
                0x1000cdb8                tcp_send_empty_ack
 .text.tcp_output
                0x1000ce04      0x454 CMakeFiles/controle_remoto_matrizLED.dir/C_/Users/jnilt/.pico-sdk/sdk/2.1.0/lib/lwip/src/core/tcp_out.c.obj
                0x1000ce04                tcp_output
 .text.tcp_rexmit_rto_commit
                0x1000d258       0x24 CMakeFiles/controle_remoto_matrizLED.dir/C_/Users/jnilt/.pico-sdk/sdk/2.1.0/lib/lwip/src/core/tcp_out.c.obj
                0x1000d258                tcp_rexmit_rto_commit
 .text.tcp_rexmit_rto
                0x1000d27c       0xa4 CMakeFiles/controle_remoto_matrizLED.dir/C_/Users/jnilt/.pico-sdk/sdk/2.1.0/lib/lwip/src/core/tcp_out.c.obj
                0x1000d27c                tcp_rexmit_rto
 .text.tcp_keepalive
                0x1000d320       0xdc CMakeFiles/controle_remoto_matrizLED.dir/C_/Users/jnilt/.pico-sdk/sdk/2.1.0/lib/lwip/src/core/tcp_out.c.obj
                0x1000d320                tcp_keepalive
 .text.tcp_zero_window_probe
                0x1000d3fc      0x110 CMakeFiles/controle_remoto_matrizLED.dir/C_/Users/jnilt/.pico-sdk/sdk/2.1.0/lib/lwip/src/core/tcp_out.c.obj
                0x1000d3fc                tcp_zero_window_probe
 .text.tcpip_tcp_timer
                0x1000d50c       0x78 CMakeFiles/controle_remoto_matrizLED.dir/C_/Users/jnilt/.pico-sdk/sdk/2.1.0/lib/lwip/src/core/timeouts.c.obj
 .text.lwip_cyclic_timer
                0x1000d584       0x98 CMakeFiles/controle_remoto_matrizLED.dir/C_/Users/jnilt/.pico-sdk/sdk/2.1.0/lib/lwip/src/core/timeouts.c.obj
 .text.tcp_timer_needed
                0x1000d61c       0x7c CMakeFiles/controle_remoto_matrizLED.dir/C_/Users/jnilt/.pico-sdk/sdk/2.1.0/lib/lwip/src/core/timeouts.c.obj
                0x1000d61c                tcp_timer_needed
 .text.sys_timeouts_init
                0x1000d698       0x8c CMakeFiles/controle_remoto_matrizLED.dir/C_/Users/jnilt/.pico-sdk/sdk/2.1.0/lib/lwip/src/core/timeouts.c.obj
                0x1000d698                sys_timeouts_init
 .text.sys_check_timeouts
                0x1000d724       0x68 CMakeFiles/controle_remoto_matrizLED.dir/C_/Users/jnilt/.pico-sdk/sdk/2.1.0/lib/lwip/src/core/timeouts.c.obj
                0x1000d724                sys_check_timeouts
 .text.sys_timeouts_sleeptime
                0x1000d78c       0x28 CMakeFiles/controle_remoto_matrizLED.dir/C_/Users/jnilt/.pico-sdk/sdk/2.1.0/lib/lwip/src/core/timeouts.c.obj
                0x1000d78c                sys_timeouts_sleeptime
 .text.udp_init
                0x1000d7b4       0x20 CMakeFiles/controle_remoto_matrizLED.dir/C_/Users/jnilt/.pico-sdk/sdk/2.1.0/lib/lwip/src/core/udp.c.obj
                0x1000d7b4                udp_init
 .text.udp_input
                0x1000d7d4      0x320 CMakeFiles/controle_remoto_matrizLED.dir/C_/Users/jnilt/.pico-sdk/sdk/2.1.0/lib/lwip/src/core/udp.c.obj
                0x1000d7d4                udp_input
 .text.udp_bind
                0x1000daf4      0x118 CMakeFiles/controle_remoto_matrizLED.dir/C_/Users/jnilt/.pico-sdk/sdk/2.1.0/lib/lwip/src/core/udp.c.obj
                0x1000daf4                udp_bind
 .text.udp_sendto_if_src
                0x1000dc0c      0x130 CMakeFiles/controle_remoto_matrizLED.dir/C_/Users/jnilt/.pico-sdk/sdk/2.1.0/lib/lwip/src/core/udp.c.obj
                0x1000dc0c                udp_sendto_if_src
 .text.udp_sendto_if
                0x1000dd3c       0x48 CMakeFiles/controle_remoto_matrizLED.dir/C_/Users/jnilt/.pico-sdk/sdk/2.1.0/lib/lwip/src/core/udp.c.obj
                0x1000dd3c                udp_sendto_if
 .text.udp_sendto
                0x1000dd84       0x78 CMakeFiles/controle_remoto_matrizLED.dir/C_/Users/jnilt/.pico-sdk/sdk/2.1.0/lib/lwip/src/core/udp.c.obj
                0x1000dd84                udp_sendto
 .text.udp_connect
                0x1000ddfc       0x60 CMakeFiles/controle_remoto_matrizLED.dir/C_/Users/jnilt/.pico-sdk/sdk/2.1.0/lib/lwip/src/core/udp.c.obj
                0x1000ddfc                udp_connect
 .text.udp_recv
                0x1000de5c        0xc CMakeFiles/controle_remoto_matrizLED.dir/C_/Users/jnilt/.pico-sdk/sdk/2.1.0/lib/lwip/src/core/udp.c.obj
                0x1000de5c                udp_recv
 .text.udp_remove
                0x1000de68       0x3c CMakeFiles/controle_remoto_matrizLED.dir/C_/Users/jnilt/.pico-sdk/sdk/2.1.0/lib/lwip/src/core/udp.c.obj
                0x1000de68                udp_remove
 .text.udp_new  0x1000dea4       0x1c CMakeFiles/controle_remoto_matrizLED.dir/C_/Users/jnilt/.pico-sdk/sdk/2.1.0/lib/lwip/src/core/udp.c.obj
                0x1000dea4                udp_new
 .text.udp_netif_ip_addr_changed
                0x1000dec0       0x40 CMakeFiles/controle_remoto_matrizLED.dir/C_/Users/jnilt/.pico-sdk/sdk/2.1.0/lib/lwip/src/core/udp.c.obj